Archive member included to satisfy reference by file (symbol)

Middlewares/ST/touchgfx/lib/core/cortex_m7/gcc\libtouchgfx.a(AbstractPartition.o)
                              TouchGFX/build/STM32F746-DISCO/TouchGFX/target/generated/TouchGFXConfiguration.o (touchgfx::AbstractPartition::getAllocationCount() const)
Middlewares/ST/touchgfx/lib/core/cortex_m7/gcc\libtouchgfx.a(Container.o)
                              TouchGFX/build/STM32F746-DISCO/TouchGFX/generated/gui_generated/src/materialtheme_screen/MaterialThemeViewBase.o (touchgfx::Container::add(touchgfx::Drawable&))
Middlewares/ST/touchgfx/lib/core/cortex_m7/gcc\libtouchgfx.a(HAL.o)
                              TouchGFX/build/STM32F746-DISCO/TouchGFX/target/generated/TouchGFXGeneratedHAL.o (touchgfx::HAL::drawDrawableInDynamicBitmap(touchgfx::Drawable&, unsigned short))
Middlewares/ST/touchgfx/lib/core/cortex_m7/gcc\libtouchgfx.a(DMA.o)
                              TouchGFX/build/STM32F746-DISCO/TouchGFX/target/generated/STM32DMA.o (touchgfx::DMA_Interface::seedExecution())
Middlewares/ST/touchgfx/lib/core/cortex_m7/gcc\libtouchgfx.a(ToggleButton.o)
                              TouchGFX/build/STM32F746-DISCO/TouchGFX/generated/gui_generated/src/materialtheme_screen/MaterialThemeViewBase.o (vtable for touchgfx::ToggleButton)
Middlewares/ST/touchgfx/lib/core/cortex_m7/gcc\libtouchgfx.a(ScalableImage.o)
                              TouchGFX/build/STM32F746-DISCO/TouchGFX/generated/gui_generated/src/darkgraytheme_screen/DarkGrayThemeViewBase.o (touchgfx::ScalableImage::setScalingAlgorithm(touchgfx::ScalableImage::ScalingAlgorithm))
Middlewares/ST/touchgfx/lib/core/cortex_m7/gcc\libtouchgfx.a(TextArea.o)
                              TouchGFX/build/STM32F746-DISCO/TouchGFX/generated/gui_generated/src/materialtheme_screen/MaterialThemeViewBase.o (touchgfx::TextArea::setTypedText(touchgfx::TypedText))
Middlewares/ST/touchgfx/lib/core/cortex_m7/gcc\libtouchgfx.a(Box.o)
                              TouchGFX/build/STM32F746-DISCO/TouchGFX/generated/gui_generated/src/materialtheme_screen/MaterialThemeViewBase.o (vtable for touchgfx::Box)
Middlewares/ST/touchgfx/lib/core/cortex_m7/gcc\libtouchgfx.a(Button.o)
                              TouchGFX/build/STM32F746-DISCO/TouchGFX/generated/gui_generated/src/materialtheme_screen/MaterialThemeViewBase.o (touchgfx::Button::setBitmaps(touchgfx::Bitmap const&, touchgfx::Bitmap const&))
Middlewares/ST/touchgfx/lib/core/cortex_m7/gcc\libtouchgfx.a(LCD.o)
                              Middlewares/ST/touchgfx/lib/core/cortex_m7/gcc\libtouchgfx.a(TextArea.o) (touchgfx::LCD::getNumLines(touchgfx::TextProvider&, touchgfx::WideTextAction, unsigned char, touchgfx::Font const*, short))
Middlewares/ST/touchgfx/lib/core/cortex_m7/gcc\libtouchgfx.a(TouchCalibration.o)
                              Middlewares/ST/touchgfx/lib/core/cortex_m7/gcc\libtouchgfx.a(HAL.o) (touchgfx::TouchCalibration::translatePoint(touchgfx::Point&))
Middlewares/ST/touchgfx/lib/core/cortex_m7/gcc\libtouchgfx.a(DisplayTransformation.o)
                              Middlewares/ST/touchgfx/lib/core/cortex_m7/gcc\libtouchgfx.a(HAL.o) (touchgfx::DisplayTransformation::transformFrameBufferToDisplay(short&, short&))
Middlewares/ST/touchgfx/lib/core/cortex_m7/gcc\libtouchgfx.a(Application.o)
                              TouchGFX/build/STM32F746-DISCO/TouchGFX/gui/src/common/FrontendApplication.o (touchgfx::Application::requestRedraw())
Middlewares/ST/touchgfx/lib/core/cortex_m7/gcc\libtouchgfx.a(TypedText.o)
                              TouchGFX/build/STM32F746-DISCO/TouchGFX/generated/fonts/src/FontCache.o (touchgfx::TypedText::numberOfTypedTexts)
Middlewares/ST/touchgfx/lib/core/cortex_m7/gcc\libtouchgfx.a(Font.o)
                              TouchGFX/build/STM32F746-DISCO/TouchGFX/generated/texts/src/Texts.o (touchgfx::Font::getStringWidthLTR(unsigned char, unsigned short const*, std::__va_list) const)
Middlewares/ST/touchgfx/lib/core/cortex_m7/gcc\libtouchgfx.a(Drawable.o)
                              Middlewares/ST/touchgfx/lib/core/cortex_m7/gcc\libtouchgfx.a(Container.o) (touchgfx::Drawable::invalidate() const)
Middlewares/ST/touchgfx/lib/core/cortex_m7/gcc\libtouchgfx.a(ConstFont.o)
                              TouchGFX/build/STM32F746-DISCO/TouchGFX/generated/fonts/src/GeneratedFont.o (touchgfx::ConstFont::ConstFont(touchgfx::GlyphNode const*, unsigned short, unsigned short, unsigned char, unsigned char, unsigned char, unsigned char, unsigned char, unsigned short, unsigned short))
Middlewares/ST/touchgfx/lib/core/cortex_m7/gcc\libtouchgfx.a(Utils.o)
                              TouchGFX/build/STM32F746-DISCO/TouchGFX/generated/fonts/src/FontCache.o (touchgfx::memset(void*, unsigned char, unsigned long))
Middlewares/ST/touchgfx/lib/core/cortex_m7/gcc\libtouchgfx.a(Screen.o)
[...]
Memory Configuration

Name             Origin             Length             Attributes
RAM              0x20000000         0x00050000         xrw
FLASH            0x08000000         0x00100000         xr
QUADSPI          0x90000000         0x01000000         r
*default*        0x00000000         0xffffffff

Linker script and memory map

LOAD c:/touchgfx/4.15.0/env/mingw/msys/1.0/gnu-arm-gcc/bin/../lib/gcc/arm-none-eabi/7.3.1/thumb/v7e-m/fpv4-sp/softfp/crti.o
LOAD c:/touchgfx/4.15.0/env/mingw/msys/1.0/gnu-arm-gcc/bin/../lib/gcc/arm-none-eabi/7.3.1/thumb/v7e-m/fpv4-sp/softfp/crtbegin.o
LOAD c:/touchgfx/4.15.0/env/mingw/msys/1.0/gnu-arm-gcc/bin/../lib/gcc/arm-none-eabi/7.3.1/../../../../arm-none-eabi/lib/thumb/v7e-m/fpv4-sp/softfp/crt0.o
LOAD TouchGFX/build/STM32F746-DISCO/TouchGFX/gui/src/materialtheme_screen/MaterialThemeView.o
LOAD TouchGFX/build/STM32F746-DISCO/TouchGFX/gui/src/materialtheme_screen/MaterialThemePresenter.o
LOAD TouchGFX/build/STM32F746-DISCO/TouchGFX/gui/src/model/Model.o
LOAD TouchGFX/build/STM32F746-DISCO/TouchGFX/gui/src/darkgraytheme_screen/DarkGrayThemeView.o
LOAD TouchGFX/build/STM32F746-DISCO/TouchGFX/gui/src/darkgraytheme_screen/DarkGrayThemePresenter.o
LOAD TouchGFX/build/STM32F746-DISCO/TouchGFX/gui/src/common/FrontendApplication.o
LOAD TouchGFX/build/STM32F746-DISCO/TouchGFX/generated/gui_generated/src/materialtheme_screen/MaterialThemeViewBase.o
LOAD TouchGFX/build/STM32F746-DISCO/TouchGFX/generated/gui_generated/src/darkgraytheme_screen/DarkGrayThemeViewBase.o
LOAD TouchGFX/build/STM32F746-DISCO/TouchGFX/generated/gui_generated/src/common/FrontendApplicationBase.o
LOAD TouchGFX/build/STM32F746-DISCO/TouchGFX/generated/fonts/src/Kerning_verdana_10_4bpp.o
LOAD TouchGFX/build/STM32F746-DISCO/TouchGFX/generated/fonts/src/Kerning_verdana_60_4bpp.o
LOAD TouchGFX/build/STM32F746-DISCO/TouchGFX/generated/fonts/src/GeneratedFont.o
LOAD TouchGFX/build/STM32F746-DISCO/TouchGFX/generated/fonts/src/Kerning_tahomabd_16_4bpp.o
LOAD TouchGFX/build/STM32F746-DISCO/TouchGFX/generated/fonts/src/UnmappedDataFont.o
LOAD TouchGFX/build/STM32F746-DISCO/TouchGFX/generated/fonts/src/Kerning_tahomabd_12_4bpp.o
LOAD TouchGFX/build/STM32F746-DISCO/TouchGFX/generated/fonts/src/Table_verdana_10_4bpp.o
LOAD TouchGFX/build/STM32F746-DISCO/TouchGFX/generated/fonts/src/Table_verdana_60_4bpp.o
LOAD TouchGFX/build/STM32F746-DISCO/TouchGFX/generated/fonts/src/FontCache.o
LOAD TouchGFX/build/STM32F746-DISCO/TouchGFX/generated/fonts/src/Table_tahomabd_16_4bpp.o
LOAD TouchGFX/build/STM32F746-DISCO/TouchGFX/generated/fonts/src/Table_tahomabd_12_4bpp.o
LOAD TouchGFX/build/STM32F746-DISCO/TouchGFX/generated/fonts/src/Font_verdana_10_4bpp_0.o
LOAD TouchGFX/build/STM32F746-DISCO/TouchGFX/generated/fonts/src/Font_verdana_60_4bpp_0.o
LOAD TouchGFX/build/STM32F746-DISCO/TouchGFX/generated/fonts/src/Font_tahomabd_16_4bpp_0.o
LOAD TouchGFX/build/STM32F746-DISCO/TouchGFX/generated/fonts/src/Font_tahomabd_12_4bpp_0.o
LOAD TouchGFX/build/STM32F746-DISCO/TouchGFX/generated/fonts/src/CachedFont.o
LOAD TouchGFX/build/STM32F746-DISCO/TouchGFX/generated/fonts/src/ApplicationFontProvider.o
LOAD TouchGFX/build/STM32F746-DISCO/TouchGFX/generated/images/src/image_Home_sl.o
LOAD TouchGFX/build/STM32F746-DISCO/TouchGFX/generated/images/src/image_Weather.o
LOAD TouchGFX/build/STM32F746-DISCO/TouchGFX/generated/images/src/image_Home.o
LOAD TouchGFX/build/STM32F746-DISCO/TouchGFX/generated/images/src/image_Door_on.o
LOAD TouchGFX/build/STM32F746-DISCO/TouchGFX/generated/images/src/image_Door.o
LOAD TouchGFX/build/STM32F746-DISCO/TouchGFX/generated/images/src/image_power_off_btn.o
LOAD TouchGFX/build/STM32F746-DISCO/TouchGFX/generated/images/src/image_Kitchen.o
LOAD TouchGFX/build/STM32F746-DISCO/TouchGFX/generated/images/src/image_Garden.o
LOAD TouchGFX/build/STM32F746-DISCO/TouchGFX/generated/images/src/BitmapDatabase.o
LOAD TouchGFX/build/STM32F746-DISCO/TouchGFX/generated/images/src/image_Bell_sl.o
LOAD TouchGFX/build/STM32F746-DISCO/TouchGFX/generated/images/src/image_powerbtn.o
LOAD TouchGFX/build/STM32F746-DISCO/TouchGFX/generated/images/src/image_Bell.o
LOAD TouchGFX/build/STM32F746-DISCO/TouchGFX/generated/images/src/image_powerbtnOn.o
LOAD TouchGFX/build/STM32F746-DISCO/TouchGFX/generated/images/src/image_Weather_sl.o
LOAD TouchGFX/build/STM32F746-DISCO/TouchGFX/generated/images/src/image_Room_on.o
LOAD TouchGFX/build/STM32F746-DISCO/TouchGFX/generated/images/src/image_Kitchen_on.o
LOAD TouchGFX/build/STM32F746-DISCO/TouchGFX/generated/images/src/image_power_btn_on.o
LOAD TouchGFX/build/STM32F746-DISCO/TouchGFX/generated/images/src/image_Garden_on.o
LOAD TouchGFX/build/STM32F746-DISCO/TouchGFX/generated/images/src/image_Room_sl.o
LOAD TouchGFX/build/STM32F746-DISCO/TouchGFX/generated/images/src/image_HomeControl.o
LOAD TouchGFX/build/STM32F746-DISCO/TouchGFX/generated/images/src/image_Room.o
LOAD TouchGFX/build/STM32F746-DISCO/TouchGFX/generated/images/src/image_powerbtnOn_.o
LOAD TouchGFX/build/STM32F746-DISCO/TouchGFX/generated/texts/src/LanguageGb.o
LOAD TouchGFX/build/STM32F746-DISCO/TouchGFX/generated/texts/src/TypedTextDatabase.o
LOAD TouchGFX/build/STM32F746-DISCO/TouchGFX/generated/texts/src/Texts.o
LOAD TouchGFX/build/STM32F746-DISCO/TouchGFX/target/generated/TouchGFXGeneratedHAL.o
LOAD TouchGFX/build/STM32F746-DISCO/TouchGFX/target/generated/STM32DMA.o
LOAD TouchGFX/build/STM32F746-DISCO/TouchGFX/target/generated/OSWrappers.o
LOAD TouchGFX/build/STM32F746-DISCO/TouchGFX/target/generated/TouchGFXConfiguration.o
LOAD TouchGFX/build/STM32F746-DISCO/TouchGFX/target/TouchGFXHAL.o
LOAD TouchGFX/build/STM32F746-DISCO/TouchGFX/target/TouchGFXGPIO.o
LOAD TouchGFX/build/STM32F746-DISCO/TouchGFX/target/STM32TouchController.o
LOAD TouchGFX/build/STM32F746-DISCO/Core/Src/system_stm32f7xx.o
LOAD TouchGFX/build/STM32F746-DISCO/Core/Src/main.o
LOAD TouchGFX/build/STM32F746-DISCO/Core/Src/stm32f7xx_hal_timebase_tim.o
LOAD TouchGFX/build/STM32F746-DISCO/Core/Src/stm32f7xx_hal_msp.o
LOAD TouchGFX/build/STM32F746-DISCO/Core/Src/freertos.o
LOAD TouchGFX/build/STM32F746-DISCO/Core/Src/stm32f7xx_it.o
LOAD TouchGFX/build/STM32F746-DISCO/Drivers/STM32F7xx_HAL_Driver/Src/stm32f7xx_hal_ltdc_ex.o
LOAD TouchGFX/build/STM32F746-DISCO/Drivers/STM32F7xx_HAL_Driver/Src/stm32f7xx_hal.o
LOAD TouchGFX/build/STM32F746-DISCO/Drivers/STM32F7xx_HAL_Driver/Src/stm32f7xx_hal_rcc_ex.o
LOAD TouchGFX/build/STM32F746-DISCO/Drivers/STM32F7xx_HAL_Driver/Src/stm32f7xx_hal_dsi.o
LOAD TouchGFX/build/STM32F746-DISCO/Drivers/STM32F7xx_HAL_Driver/Src/stm32f7xx_hal_crc.o
LOAD TouchGFX/build/STM32F746-DISCO/Drivers/STM32F7xx_HAL_Driver/Src/stm32f7xx_hal_ltdc.o
LOAD TouchGFX/build/STM32F746-DISCO/Drivers/STM32F7xx_HAL_Driver/Src/stm32f7xx_hal_pwr_ex.o
LOAD TouchGFX/build/STM32F746-DISCO/Drivers/STM32F7xx_HAL_Driver/Src/stm32f7xx_hal_sdram.o
LOAD TouchGFX/build/STM32F746-DISCO/Drivers/STM32F7xx_HAL_Driver/Src/stm32f7xx_hal_flash.o
LOAD TouchGFX/build/STM32F746-DISCO/Drivers/STM32F7xx_HAL_Driver/Src/stm32f7xx_hal_rcc.o
LOAD TouchGFX/build/STM32F746-DISCO/Drivers/STM32F7xx_HAL_Driver/Src/stm32f7xx_hal_dma_ex.o
LOAD TouchGFX/build/STM32F746-DISCO/Drivers/STM32F7xx_HAL_Driver/Src/stm32f7xx_hal_i2c.o
LOAD TouchGFX/build/STM32F746-DISCO/Drivers/STM32F7xx_HAL_Driver/Src/stm32f7xx_hal_qspi.o
LOAD TouchGFX/build/STM32F746-DISCO/Drivers/STM32F7xx_HAL_Driver/Src/stm32f7xx_hal_pwr.o
LOAD TouchGFX/build/STM32F746-DISCO/Drivers/STM32F7xx_HAL_Driver/Src/stm32f7xx_hal_dma.o
LOAD TouchGFX/build/STM32F746-DISCO/Drivers/STM32F7xx_HAL_Driver/Src/stm32f7xx_hal_tim_ex.o
LOAD TouchGFX/build/STM32F746-DISCO/Drivers/STM32F7xx_HAL_Driver/Src/stm32f7xx_hal_cortex.o
LOAD TouchGFX/build/STM32F746-DISCO/Drivers/STM32F7xx_HAL_Driver/Src/stm32f7xx_ll_fmc.o
LOAD TouchGFX/build/STM32F746-DISCO/Drivers/STM32F7xx_HAL_Driver/Src/stm32f7xx_hal_flash_ex.o
LOAD TouchGFX/build/STM32F746-DISCO/Drivers/STM32F7xx_HAL_Driver/Src/stm32f7xx_hal_exti.o
LOAD TouchGFX/build/STM32F746-DISCO/Drivers/STM32F7xx_HAL_Driver/Src/stm32f7xx_hal_gpio.o
LOAD TouchGFX/build/STM32F746-DISCO/Drivers/STM32F7xx_HAL_Driver/Src/stm32f7xx_hal_dma2d.o
LOAD TouchGFX/build/STM32F746-DISCO/Drivers/STM32F7xx_HAL_Driver/Src/stm32f7xx_hal_tim.o
LOAD TouchGFX/build/STM32F746-DISCO/Drivers/STM32F7xx_HAL_Driver/Src/stm32f7xx_hal_i2c_ex.o
LOAD TouchGFX/build/STM32F746-DISCO/Drivers/STM32F7xx_HAL_Driver/Src/stm32f7xx_hal_crc_ex.o
LOAD TouchGFX/build/STM32F746-DISCO/TouchGFX/App/app_touchgfx.o
LOAD TouchGFX/build/STM32F746-DISCO/Middlewares/Third_Party/FreeRTOS/Source/croutine.o
LOAD TouchGFX/build/STM32F746-DISCO/Middlewares/Third_Party/FreeRTOS/Source/list.o
LOAD TouchGFX/build/STM32F746-DISCO/Middlewares/Third_Party/FreeRTOS/Source/queue.o
LOAD TouchGFX/build/STM32F746-DISCO/Middlewares/Third_Party/FreeRTOS/Source/tasks.o
LOAD TouchGFX/build/STM32F746-DISCO/Middlewares/Third_Party/FreeRTOS/Source/timers.o
LOAD TouchGFX/build/STM32F746-DISCO/Middlewares/Third_Party/FreeRTOS/Source/portable/MemMang/heap_4.o
LOAD TouchGFX/build/STM32F746-DISCO/Middlewares/Third_Party/FreeRTOS/Source/portable/GCC/ARM_CM7/r0p1/port.o
LOAD TouchGFX/build/STM32F746-DISCO/Middlewares/Third_Party/FreeRTOS/Source/CMSIS_RTOS/cmsis_os.o
LOAD TouchGFX/build/STM32F746-DISCO/Drivers/BSP/stm32746g_discovery_qspi.o
LOAD TouchGFX/build/STM32F746-DISCO/Drivers/Components/ft5336/ft5336.o
LOAD TouchGFX/build/STM32F746-DISCO/gcc/startup_stm32f746nghx.o
START GROUP
LOAD Middlewares/ST/touchgfx/lib/core/cortex_m7/gcc\libtouchgfx.a
END GROUP
LOAD c:/touchgfx/4.15.0/env/mingw/msys/1.0/gnu-arm-gcc/bin/../lib/gcc/arm-none-eabi/7.3.1/../../../../arm-none-eabi/lib/thumb/v7e-m/fpv4-sp/softfp\libstdc++.a
LOAD c:/touchgfx/4.15.0/env/mingw/msys/1.0/gnu-arm-gcc/bin/../lib/gcc/arm-none-eabi/7.3.1/../../../../arm-none-eabi/lib/thumb/v7e-m/fpv4-sp/softfp\libm.a
START GROUP
LOAD c:/touchgfx/4.15.0/env/mingw/msys/1.0/gnu-arm-gcc/bin/../lib/gcc/arm-none-eabi/7.3.1/thumb/v7e-m/fpv4-sp/softfp\libgcc.a
LOAD c:/touchgfx/4.15.0/env/mingw/msys/1.0/gnu-arm-gcc/bin/../lib/gcc/arm-none-eabi/7.3.1/../../../../arm-none-eabi/lib/thumb/v7e-m/fpv4-sp/softfp\libg.a
LOAD c:/touchgfx/4.15.0/env/mingw/msys/1.0/gnu-arm-gcc/bin/../lib/gcc/arm-none-eabi/7.3.1/../../../../arm-none-eabi/lib/thumb/v7e-m/fpv4-sp/softfp\libc.a
END GROUP
START GROUP
LOAD c:/touchgfx/4.15.0/env/mingw/msys/1.0/gnu-arm-gcc/bin/../lib/gcc/arm-none-eabi/7.3.1/thumb/v7e-m/fpv4-sp/softfp\libgcc.a
LOAD c:/touchgfx/4.15.0/env/mingw/msys/1.0/gnu-arm-gcc/bin/../lib/gcc/arm-none-eabi/7.3.1/../../../../arm-none-eabi/lib/thumb/v7e-m/fpv4-sp/softfp\libc.a
LOAD c:/touchgfx/4.15.0/env/mingw/msys/1.0/gnu-arm-gcc/bin/../lib/gcc/arm-none-eabi/7.3.1/../../../../arm-none-eabi/lib/thumb/v7e-m/fpv4-sp/softfp\libnosys.a
END GROUP
LOAD c:/touchgfx/4.15.0/env/mingw/msys/1.0/gnu-arm-gcc/bin/../lib/gcc/arm-none-eabi/7.3.1/thumb/v7e-m/fpv4-sp/softfp/crtend.o
LOAD c:/touchgfx/4.15.0/env/mingw/msys/1.0/gnu-arm-gcc/bin/../lib/gcc/arm-none-eabi/7.3.1/thumb/v7e-m/fpv4-sp/softfp/crtn.o
                0x20050000                _estack = 0x20050000
                0x00000200                _Min_Heap_Size = 0x200
                0x00000400                _Min_Stack_Size = 0x400

.isr_vector     0x08000000      0x1c8
                0x08000000                . = ALIGN (0x4)
 *(.isr_vector)
 .isr_vector    0x08000000      0x1c8 TouchGFX/build/STM32F746-DISCO/gcc/startup_stm32f746nghx.o
                0x08000000                g_pfnVectors
                0x080001c8                . = ALIGN (0x4)

.text           0x08000200    0x23c24
                0x08000200                . = ALIGN (0x4)
 *(.text)
 .text          0x08000200       0x40 c:/touchgfx/4.15.0/env/mingw/msys/1.0/gnu-arm-gcc/bin/../lib/gcc/arm-none-eabi/7.3.1/thumb/v7e-m/fpv4-sp/softfp/crtbegin.o
 .text          0x08000240     0x6adc c:/touchgfx/4.15.0/env/mingw/msys/1.0/gnu-arm-gcc/bin/../lib/gcc/arm-none-eabi/7.3.1/../../../../arm-none-eabi/lib/thumb/v7e-m/fpv4-sp/softfp\libstdc++.a(cp-demangle.o)
                0x08006c30                __cxa_demangle
                0x08006cf8                __gcclibcxx_demangle_callback
 .text          0x08006d1c       0x30 c:/touchgfx/4.15.0/env/mingw/msys/1.0/gnu-arm-gcc/bin/../lib/gcc/arm-none-eabi/7.3.1/thumb/v7e-m/fpv4-sp/softfp\libgcc.a(_aeabi_uldivmod.o)
                0x08006d1c                __aeabi_uldivmod
 .text          0x08006d4c      0x2cc c:/touchgfx/4.15.0/env/mingw/msys/1.0/gnu-arm-gcc/bin/../lib/gcc/arm-none-eabi/7.3.1/thumb/v7e-m/fpv4-sp/softfp\libgcc.a(_udivmoddi4.o)
                0x08006d4c                __udivmoddi4
 .text          0x08007018      0x9ec c:/touchgfx/4.15.0/env/mingw/msys/1.0/gnu-arm-gcc/bin/../lib/gcc/arm-none-eabi/7.3.1/thumb/v7e-m/fpv4-sp/softfp\libgcc.a(unwind-arm.o)
                0x080072cc                _Unwind_GetCFA
                0x080072d0                __gnu_Unwind_RaiseException
                0x08007330                __gnu_Unwind_ForcedUnwind
                0x08007344                __gnu_Unwind_Resume
                0x08007388                __gnu_Unwind_Resume_or_Rethrow
                0x08007398                _Unwind_Complete
                0x0800739c                _Unwind_DeleteException
                0x080073a8                _Unwind_VRS_Get
                0x080073ec                _Unwind_VRS_Set
                0x08007434                __gnu_Unwind_Backtrace
                0x08007778                __aeabi_unwind_cpp_pr0
                0x0800777c                __aeabi_unwind_cpp_pr1
                0x08007780                __aeabi_unwind_cpp_pr2
                0x08007784                _Unwind_VRS_Pop
 .text          0x08007a04      0x1ac c:/touchgfx/4.15.0/env/mingw/msys/1.0/gnu-arm-gcc/bin/../lib/gcc/arm-none-eabi/7.3.1/thumb/v7e-m/fpv4-sp/softfp\libgcc.a(libunwind.o)
                0x08007a04                __restore_core_regs
                0x08007a04                restore_core_regs
                0x08007a1c                __gnu_Unwind_Restore_VFP
                0x08007a24                __gnu_Unwind_Save_VFP
                0x08007a2c                __gnu_Unwind_Restore_VFP_D
                0x08007a34                __gnu_Unwind_Save_VFP_D
                0x08007a3c                __gnu_Unwind_Restore_VFP_D_16_to_31
                0x08007a44                __gnu_Unwind_Save_VFP_D_16_to_31
                0x08007a4c                __gnu_Unwind_Restore_WMMXD
                0x08007a90                __gnu_Unwind_Save_WMMXD
                0x08007ad4                __gnu_Unwind_Restore_WMMXC
                0x08007ae8                __gnu_Unwind_Save_WMMXC
                0x08007afc                ___Unwind_RaiseException
                0x08007afc                _Unwind_RaiseException
                0x08007b20                _Unwind_Resume
                0x08007b20                ___Unwind_Resume
                0x08007b44                _Unwind_Resume_or_Rethrow
                0x08007b44                ___Unwind_Resume_or_Rethrow
                0x08007b68                _Unwind_ForcedUnwind
                0x08007b68                ___Unwind_ForcedUnwind
                0x08007b8c                ___Unwind_Backtrace
                0x08007b8c                _Unwind_Backtrace
 .text          0x08007bb0      0x374 c:/touchgfx/4.15.0/env/mingw/msys/1.0/gnu-arm-gcc/bin/../lib/gcc/arm-none-eabi/7.3.1/thumb/v7e-m/fpv4-sp/softfp\libgcc.a(pr-support.o)
                0x08007c08                __gnu_unwind_execute
                0x08007ecc                __gnu_unwind_frame
                0x08007ef4                _Unwind_GetRegionStart
                0x08007f00                _Unwind_GetLanguageSpecificData
                0x08007f14                _Unwind_GetDataRelBase
                0x08007f1c                _Unwind_GetTextRelBase
 .text          0x08007f24        0x4 c:/touchgfx/4.15.0/env/mingw/msys/1.0/gnu-arm-gcc/bin/../lib/gcc/arm-none-eabi/7.3.1/thumb/v7e-m/fpv4-sp/softfp\libgcc.a(_dvmd_tls.o)
                0x08007f24                __aeabi_idiv0
                0x08007f24                __aeabi_ldiv0
 *fill*         0x08007f28        0x8 
 .text          0x08007f30       0xa0 c:/touchgfx/4.15.0/env/mingw/msys/1.0/gnu-arm-gcc/bin/../lib/gcc/arm-none-eabi/7.3.1/../../../../arm-none-eabi/lib/thumb/v7e-m/fpv4-sp/softfp\libg.a(lib_a-memchr.o)
                0x08007f30                memchr
 .text          0x08007fd0      0x134 c:/touchgfx/4.15.0/env/mingw/msys/1.0/gnu-arm-gcc/bin/../lib/gcc/arm-none-eabi/7.3.1/../../../../arm-none-eabi/lib/thumb/v7e-m/fpv4-sp/softfp\libg.a(lib_a-memcpy.o)
                0x08007fd0                memcpy
 *fill*         0x08008104       0x1c 
 .text          0x08008120      0x2dc c:/touchgfx/4.15.0/env/mingw/msys/1.0/gnu-arm-gcc/bin/../lib/gcc/arm-none-eabi/7.3.1/../../../../arm-none-eabi/lib/thumb/v7e-m/fpv4-sp/softfp\libg.a(lib_a-strcmp.o)
                0x08008128                strcmp
 *fill*         0x080083fc        0x4 
 .text          0x08008400       0xdc c:/touchgfx/4.15.0/env/mingw/msys/1.0/gnu-arm-gcc/bin/../lib/gcc/arm-none-eabi/7.3.1/../../../../arm-none-eabi/lib/thumb/v7e-m/fpv4-sp/softfp\libg.a(lib_a-strlen.o)
                0x08008400                strlen
 .text          0x080084dc      0x378 c:/touchgfx/4.15.0/env/mingw/msys/1.0/gnu-arm-gcc/bin/../lib/gcc/arm-none-eabi/7.3.1/thumb/v7e-m/fpv4-sp/softfp\libgcc.a(_arm_addsubdf3.o)
                0x080084dc                __aeabi_drsub
                0x080084e4                __aeabi_dsub
                0x080084e4                __subdf3
                0x080084e8                __aeabi_dadd
                0x080084e8                __adddf3
                0x08008760                __floatunsidf
                0x08008760                __aeabi_ui2d
                0x08008780                __floatsidf
                0x08008780                __aeabi_i2d
                0x080087a4                __aeabi_f2d
                0x080087a4                __extendsfdf2
                0x080087e8                __floatundidf
                0x080087e8                __aeabi_ul2d
                0x080087f8                __floatdidf
                0x080087f8                __aeabi_l2d
 .text          0x08008854      0x424 c:/touchgfx/4.15.0/env/mingw/msys/1.0/gnu-arm-gcc/bin/../lib/gcc/arm-none-eabi/7.3.1/thumb/v7e-m/fpv4-sp/softfp\libgcc.a(_arm_muldivdf3.o)
                0x08008854                __aeabi_dmul
                0x08008854                __muldf3
                0x08008aa8                __divdf3
                0x08008aa8                __aeabi_ddiv
 .text          0x08008c78      0x110 c:/touchgfx/4.15.0/env/mingw/msys/1.0/gnu-arm-gcc/bin/../lib/gcc/arm-none-eabi/7.3.1/thumb/v7e-m/fpv4-sp/softfp\libgcc.a(_arm_cmpdf2.o)
                0x08008c78                __gtdf2
                0x08008c78                __gedf2
                0x08008c80                __ltdf2
                0x08008c80                __ledf2
                0x08008c88                __nedf2
                0x08008c88                __eqdf2
                0x08008c88                __cmpdf2
                0x08008d04                __aeabi_cdrcmple
                0x08008d14                __aeabi_cdcmpeq
                0x08008d14                __aeabi_cdcmple
                0x08008d24                __aeabi_dcmpeq
                0x08008d38                __aeabi_dcmplt
                0x08008d4c                __aeabi_dcmple
                0x08008d60                __aeabi_dcmpge
                0x08008d74                __aeabi_dcmpgt
 .text          0x08008d88       0x2c c:/touchgfx/4.15.0/env/mingw/msys/1.0/gnu-arm-gcc/bin/../lib/gcc/arm-none-eabi/7.3.1/thumb/v7e-m/fpv4-sp/softfp\libgcc.a(_arm_unorddf2.o)
                0x08008d88                __unorddf2
                0x08008d88                __aeabi_dcmpun
 .text          0x08008db4       0x50 c:/touchgfx/4.15.0/env/mingw/msys/1.0/gnu-arm-gcc/bin/../lib/gcc/arm-none-eabi/7.3.1/thumb/v7e-m/fpv4-sp/softfp\libgcc.a(_arm_fixdfsi.o)
                0x08008db4                __aeabi_d2iz
                0x08008db4                __fixdfsi
 *(.text*)
 .text._ZN8touchgfx6Screen15afterTransitionEv
                0x08008e04        0x2 TouchGFX/build/STM32F746-DISCO/TouchGFX/gui/src/materialtheme_screen/MaterialThemeView.o
                0x08008e04                touchgfx::Screen::afterTransition()
 .text._ZN8touchgfx6Screen15handleTickEventEv
                0x08008e06        0x2 TouchGFX/build/STM32F746-DISCO/TouchGFX/gui/src/materialtheme_screen/MaterialThemeView.o
                0x08008e06                touchgfx::Screen::handleTickEvent()
 .text._ZN8touchgfx6Screen14handleKeyEventEh
                0x08008e08        0x2 TouchGFX/build/STM32F746-DISCO/TouchGFX/gui/src/materialtheme_screen/MaterialThemeView.o
                0x08008e08                touchgfx::Screen::handleKeyEvent(unsigned char)
 .text._ZN5ModelC2Ev
                0x08008e0a        0x6 TouchGFX/build/STM32F746-DISCO/TouchGFX/gui/src/model/Model.o
                0x08008e0a                Model::Model()
                0x08008e0a                Model::Model()
 .text._ZN5Model4tickEv
                0x08008e10        0x2 TouchGFX/build/STM32F746-DISCO/TouchGFX/gui/src/model/Model.o
                0x08008e10                Model::tick()
 .text._ZN17DarkGrayThemeViewD2Ev
                0x08008e12        0x2 TouchGFX/build/STM32F746-DISCO/TouchGFX/gui/src/darkgraytheme_screen/DarkGrayThemeView.o
                0x08008e12                DarkGrayThemeView::~DarkGrayThemeView()
                0x08008e12                DarkGrayThemeView::~DarkGrayThemeView()
 .text._ZN17DarkGrayThemeView14tearDownScreenEv
                0x08008e14        0x2 TouchGFX/build/STM32F746-DISCO/TouchGFX/gui/src/darkgraytheme_screen/DarkGrayThemeView.o
                0x08008e14                DarkGrayThemeView::tearDownScreen()
 .text._ZN17DarkGrayThemeView11setupScreenEv
                0x08008e16        0x4 TouchGFX/build/STM32F746-DISCO/TouchGFX/gui/src/darkgraytheme_screen/DarkGrayThemeView.o
                0x08008e16                DarkGrayThemeView::setupScreen()
 .text._ZN17DarkGrayThemeViewD0Ev
                0x08008e1a       0x10 TouchGFX/build/STM32F746-DISCO/TouchGFX/gui/src/darkgraytheme_screen/DarkGrayThemeView.o
                0x08008e1a                DarkGrayThemeView::~DarkGrayThemeView()
 *fill*         0x08008e2a        0x2 
 .text._ZN17DarkGrayThemeViewC2Ev
                0x08008e2c       0x14 TouchGFX/build/STM32F746-DISCO/TouchGFX/gui/src/darkgraytheme_screen/DarkGrayThemeView.o
                0x08008e2c                DarkGrayThemeView::DarkGrayThemeView()
                0x08008e2c                DarkGrayThemeView::DarkGrayThemeView()
 .text._ZN22DarkGrayThemePresenterD2Ev
                0x08008e40        0x6 TouchGFX/build/STM32F746-DISCO/TouchGFX/gui/src/darkgraytheme_screen/DarkGrayThemePresenter.o
                0x08008e40                DarkGrayThemePresenter::~DarkGrayThemePresenter()
                0x08008e40                DarkGrayThemePresenter::~DarkGrayThemePresenter()
                0x08008e42                non-virtual thunk to DarkGrayThemePresenter::~DarkGrayThemePresenter()
 .text._ZN22DarkGrayThemePresenter8activateEv
                0x08008e46        0x2 TouchGFX/build/STM32F746-DISCO/TouchGFX/gui/src/darkgraytheme_screen/DarkGrayThemePresenter.o
                0x08008e46                DarkGrayThemePresenter::deactivate()
                0x08008e46                DarkGrayThemePresenter::activate()
 .text._ZN22DarkGrayThemePresenterD0Ev
                0x08008e48       0x14 TouchGFX/build/STM32F746-DISCO/TouchGFX/gui/src/darkgraytheme_screen/DarkGrayThemePresenter.o
                0x08008e48                DarkGrayThemePresenter::~DarkGrayThemePresenter()
                0x08008e56                non-virtual thunk to DarkGrayThemePresenter::~DarkGrayThemePresenter()
 .text._ZN22DarkGrayThemePresenterC2ER17DarkGrayThemeView
                0x08008e5c       0x1c TouchGFX/build/STM32F746-DISCO/TouchGFX/gui/src/darkgraytheme_screen/DarkGrayThemePresenter.o
                0x08008e5c                DarkGrayThemePresenter::DarkGrayThemePresenter(DarkGrayThemeView&)
                0x08008e5c                DarkGrayThemePresenter::DarkGrayThemePresenter(DarkGrayThemeView&)
 .text._ZN8touchgfx11Application15appSwitchScreenEh
                0x08008e78        0x2 TouchGFX/build/STM32F746-DISCO/TouchGFX/gui/src/common/FrontendApplication.o
                0x08008e78                touchgfx::Application::appSwitchScreen(unsigned char)
 .text._ZN8touchgfx11Application13requestRedrawERNS_4RectE
                0x08008e7a        0xc TouchGFX/build/STM32F746-DISCO/TouchGFX/gui/src/common/FrontendApplication.o
                0x08008e7a                touchgfx::Application::requestRedraw(touchgfx::Rect&)
 .text._ZN19FrontendApplicationD2Ev
                0x08008e86        0x2 TouchGFX/build/STM32F746-DISCO/TouchGFX/gui/src/common/FrontendApplication.o
                0x08008e86                FrontendApplication::~FrontendApplication()
                0x08008e86                FrontendApplication::~FrontendApplication()
 .text._ZN19FrontendApplicationD0Ev
                0x08008e88       0x10 TouchGFX/build/STM32F746-DISCO/TouchGFX/gui/src/common/FrontendApplication.o
                0x08008e88                FrontendApplication::~FrontendApplication()
 .text._ZN19FrontendApplication15handleTickEventEv
                0x08008e98       0x16 TouchGFX/build/STM32F746-DISCO/TouchGFX/gui/src/common/FrontendApplication.o
                0x08008e98                FrontendApplication::handleTickEvent()
 .text._ZN8touchgfx14MVPApplication29handlePendingScreenTransitionEv
                0x08008eae       0x24 TouchGFX/build/STM32F746-DISCO/TouchGFX/gui/src/common/FrontendApplication.o
                0x08008eae                touchgfx::MVPApplication::handlePendingScreenTransition()
 *fill*         0x08008ed2        0x2 
 .text._ZN19FrontendApplicationC2ER5ModelR12FrontendHeap
                0x08008ed4       0x14 TouchGFX/build/STM32F746-DISCO/TouchGFX/gui/src/common/FrontendApplication.o
                0x08008ed4                FrontendApplication::FrontendApplication(Model&, FrontendHeap&)
                0x08008ed4                FrontendApplication::FrontendApplication(Model&, FrontendHeap&)
 .text._ZN8touchgfx8Drawable11setPositionEssss
                0x08008ee8       0x28 TouchGFX/build/STM32F746-DISCO/TouchGFX/generated/gui_generated/src/materialtheme_screen/MaterialThemeViewBase.o
                0x08008ee8                touchgfx::Drawable::setPosition(short, short, short, short)
 .text._ZN8touchgfx8Drawable4setXEs
                0x08008f10        0x4 TouchGFX/build/STM32F746-DISCO/TouchGFX/generated/gui_generated/src/materialtheme_screen/MaterialThemeViewBase.o
                0x08008f10                touchgfx::Drawable::setX(short)
 .text._ZN8touchgfx8Drawable4setYEs
                0x08008f14        0x4 TouchGFX/build/STM32F746-DISCO/TouchGFX/generated/gui_generated/src/materialtheme_screen/MaterialThemeViewBase.o
                0x08008f14                touchgfx::Drawable::setY(short)
 .text._ZN8touchgfx8Drawable5setXYEss
                0x08008f18       0x1a TouchGFX/build/STM32F746-DISCO/TouchGFX/generated/gui_generated/src/materialtheme_screen/MaterialThemeViewBase.o
                0x08008f18                touchgfx::Drawable::setXY(short, short)
 .text._ZN8touchgfx8Drawable8setWidthEs
                0x08008f32        0x4 TouchGFX/build/STM32F746-DISCO/TouchGFX/generated/gui_generated/src/materialtheme_screen/MaterialThemeViewBase.o
                0x08008f32                touchgfx::Drawable::setWidth(short)
 .text._ZN8touchgfx8Drawable9setHeightEs
                0x08008f36        0x4 TouchGFX/build/STM32F746-DISCO/TouchGFX/generated/gui_generated/src/materialtheme_screen/MaterialThemeViewBase.o
                0x08008f36                touchgfx::Drawable::setHeight(short)
 .text._ZN8touchgfx8Drawable20childGeometryChangedEv
                0x08008f3a        0x2 TouchGFX/build/STM32F746-DISCO/TouchGFX/generated/gui_generated/src/materialtheme_screen/MaterialThemeViewBase.o
                0x08008f3a                touchgfx::Drawable::childGeometryChanged()
 .text._ZN8touchgfx8Drawable16handleClickEventERKNS_10ClickEventE
                0x08008f3c        0x2 TouchGFX/build/STM32F746-DISCO/TouchGFX/generated/gui_generated/src/materialtheme_screen/MaterialThemeViewBase.o
                0x08008f3c                touchgfx::Drawable::handleClickEvent(touchgfx::ClickEvent const&)
 .text._ZN8touchgfx8Drawable18handleGestureEventERKNS_12GestureEventE
                0x08008f3e        0x2 TouchGFX/build/STM32F746-DISCO/TouchGFX/generated/gui_generated/src/materialtheme_screen/MaterialThemeViewBase.o
                0x08008f3e                touchgfx::Drawable::handleGestureEvent(touchgfx::GestureEvent const&)
 .text._ZN8touchgfx8Drawable15handleDragEventERKNS_9DragEventE
                0x08008f40        0x2 TouchGFX/build/STM32F746-DISCO/TouchGFX/generated/gui_generated/src/materialtheme_screen/MaterialThemeViewBase.o
                0x08008f40                touchgfx::Drawable::handleDragEvent(touchgfx::DragEvent const&)
 .text._ZN8touchgfx8Drawable15handleTickEventEv
                0x08008f42        0x2 TouchGFX/build/STM32F746-DISCO/TouchGFX/generated/gui_generated/src/materialtheme_screen/MaterialThemeViewBase.o
                0x08008f42                touchgfx::Drawable::handleTickEvent()
 .text._ZN8touchgfx8Drawable6moveToEss
                0x08008f44       0x18 TouchGFX/build/STM32F746-DISCO/TouchGFX/generated/gui_generated/src/materialtheme_screen/MaterialThemeViewBase.o
                0x08008f44                touchgfx::Drawable::moveTo(short, short)
 .text._ZN8touchgfx8Drawable14setupDrawChainERKNS_4RectEPPS0_
                0x08008f5c       0x14 TouchGFX/build/STM32F746-DISCO/TouchGFX/generated/gui_generated/src/materialtheme_screen/MaterialThemeViewBase.o
                0x08008f5c                touchgfx::Drawable::setupDrawChain(touchgfx::Rect const&, touchgfx::Drawable**)
 .text._ZN8touchgfx6Screen11setupScreenEv
                0x08008f70        0x2 TouchGFX/build/STM32F746-DISCO/TouchGFX/generated/gui_generated/src/materialtheme_screen/MaterialThemeViewBase.o
                0x08008f70                touchgfx::Screen::setupScreen()
 .text._ZN8touchgfx6Screen14tearDownScreenEv
                0x08008f72        0x2 TouchGFX/build/STM32F746-DISCO/TouchGFX/generated/gui_generated/src/materialtheme_screen/MaterialThemeViewBase.o
                0x08008f72                touchgfx::Screen::tearDownScreen()
 .text._ZN8touchgfx6Widget12getLastChildEssPPNS_8DrawableE
                0x08008f74       0x10 TouchGFX/build/STM32F746-DISCO/TouchGFX/generated/gui_generated/src/materialtheme_screen/MaterialThemeViewBase.o
                0x08008f74                touchgfx::Widget::getLastChild(short, short, touchgfx::Drawable**)
 .text._ZN8touchgfx8DrawableC2Ev
                0x08008f84       0x2c TouchGFX/build/STM32F746-DISCO/TouchGFX/generated/gui_generated/src/materialtheme_screen/MaterialThemeViewBase.o
                0x08008f84                touchgfx::Drawable::Drawable()
                0x08008f84                touchgfx::Drawable::Drawable()
 .text._ZN8touchgfx3BoxC2Ev
                0x08008fb0       0x2c TouchGFX/build/STM32F746-DISCO/TouchGFX/generated/gui_generated/src/materialtheme_screen/MaterialThemeViewBase.o
                0x08008fb0                touchgfx::Box::Box()
                0x08008fb0                touchgfx::Box::Box()
 .text._ZN8touchgfx5Color20getColorFrom24BitRGBEhhh
                0x08008fdc       0x44 TouchGFX/build/STM32F746-DISCO/TouchGFX/generated/gui_generated/src/materialtheme_screen/MaterialThemeViewBase.o
                0x08008fdc                touchgfx::Color::getColorFrom24BitRGB(unsigned char, unsigned char, unsigned char)
 .text._ZN21DarkGrayThemeViewBaseD2Ev
                0x08009020        0x2 TouchGFX/build/STM32F746-DISCO/TouchGFX/generated/gui_generated/src/darkgraytheme_screen/DarkGrayThemeViewBase.o
                0x08009020                DarkGrayThemeViewBase::~DarkGrayThemeViewBase()
                0x08009020                DarkGrayThemeViewBase::~DarkGrayThemeViewBase()
 .text._ZN21DarkGrayThemeViewBase11setupScreenEv
                0x08009022        0x2 TouchGFX/build/STM32F746-DISCO/TouchGFX/generated/gui_generated/src/darkgraytheme_screen/DarkGrayThemeViewBase.o
                0x08009022                DarkGrayThemeViewBase::setupScreen()
 .text._ZN21DarkGrayThemeViewBaseD0Ev
                0x08009024       0x10 TouchGFX/build/STM32F746-DISCO/TouchGFX/generated/gui_generated/src/darkgraytheme_screen/DarkGrayThemeViewBase.o
                0x08009024                DarkGrayThemeViewBase::~DarkGrayThemeViewBase()
 .text._ZN8touchgfx6ButtonC2Ev
                0x08009034       0x40 TouchGFX/build/STM32F746-DISCO/TouchGFX/generated/gui_generated/src/darkgraytheme_screen/DarkGrayThemeViewBase.o
                0x08009034                touchgfx::Button::Button()
                0x08009034                touchgfx::Button::Button()
 .text._ZN21DarkGrayThemeViewBaseC2Ev
                0x08009074      0x1dc TouchGFX/build/STM32F746-DISCO/TouchGFX/generated/gui_generated/src/darkgraytheme_screen/DarkGrayThemeViewBase.o
                0x08009074                DarkGrayThemeViewBase::DarkGrayThemeViewBase()
                0x08009074                DarkGrayThemeViewBase::DarkGrayThemeViewBase()
 .text._ZN8touchgfx10Transition8tearDownEv
                0x08009250        0x2 TouchGFX/build/STM32F746-DISCO/TouchGFX/generated/gui_generated/src/common/FrontendApplicationBase.o
                0x08009250                touchgfx::Transition::tearDown()
 .text._ZN8touchgfx10Transition4initEv
                0x08009252        0x2 TouchGFX/build/STM32F746-DISCO/TouchGFX/generated/gui_generated/src/common/FrontendApplicationBase.o
                0x08009252                touchgfx::Transition::init()
 .text._ZN8touchgfx10Transition18setScreenContainerERNS_9ContainerE
                0x08009254        0x4 TouchGFX/build/STM32F746-DISCO/TouchGFX/generated/gui_generated/src/common/FrontendApplicationBase.o
                0x08009254                touchgfx::Transition::setScreenContainer(touchgfx::Container&)
 .text._ZN23FrontendApplicationBaseD2Ev
                0x08009258        0x2 TouchGFX/build/STM32F746-DISCO/TouchGFX/generated/gui_generated/src/common/FrontendApplicationBase.o
                0x08009258                FrontendApplicationBase::~FrontendApplicationBase()
                0x08009258                FrontendApplicationBase::~FrontendApplicationBase()
 .text._ZN8touchgfx12NoTransition15handleTickEventEv
                0x0800925a        0x6 TouchGFX/build/STM32F746-DISCO/TouchGFX/generated/gui_generated/src/common/FrontendApplicationBase.o
                0x0800925a                touchgfx::NoTransition::handleTickEvent()
 .text._ZN8touchgfx12NoTransitionD2Ev
                0x08009260        0x2 TouchGFX/build/STM32F746-DISCO/TouchGFX/generated/gui_generated/src/common/FrontendApplicationBase.o
                0x08009260                touchgfx::NoTransition::~NoTransition()
                0x08009260                touchgfx::NoTransition::~NoTransition()
 .text._ZN8touchgfx8CallbackI23FrontendApplicationBasevvvED2Ev
                0x08009262        0x2 TouchGFX/build/STM32F746-DISCO/TouchGFX/generated/gui_generated/src/common/FrontendApplicationBase.o
                0x08009262                touchgfx::Callback<FrontendApplicationBase, void, void, void>::~Callback()
                0x08009262                touchgfx::Callback<FrontendApplicationBase, void, void, void>::~Callback()
 .text._ZN8touchgfx8CallbackI23FrontendApplicationBasevvvE7executeEv
                0x08009264       0x20 TouchGFX/build/STM32F746-DISCO/TouchGFX/generated/gui_generated/src/common/FrontendApplicationBase.o
                0x08009264                touchgfx::Callback<FrontendApplicationBase, void, void, void>::execute()
 .text._ZNK8touchgfx8CallbackI23FrontendApplicationBasevvvE7isValidEv
                0x08009284       0x18 TouchGFX/build/STM32F746-DISCO/TouchGFX/generated/gui_generated/src/common/FrontendApplicationBase.o
                0x08009284                touchgfx::Callback<FrontendApplicationBase, void, void, void>::isValid() const
 .text._ZN8touchgfx12NoTransitionD0Ev
                0x0800929c        0xe TouchGFX/build/STM32F746-DISCO/TouchGFX/generated/gui_generated/src/common/FrontendApplicationBase.o
                0x0800929c                touchgfx::NoTransition::~NoTransition()
 .text._ZN23FrontendApplicationBaseD0Ev
                0x080092aa       0x10 TouchGFX/build/STM32F746-DISCO/TouchGFX/generated/gui_generated/src/common/FrontendApplicationBase.o
                0x080092aa                FrontendApplicationBase::~FrontendApplicationBase()
 .text._ZN8touchgfx8CallbackI23FrontendApplicationBasevvvED0Ev
                0x080092ba        0xe TouchGFX/build/STM32F746-DISCO/TouchGFX/generated/gui_generated/src/common/FrontendApplicationBase.o
                0x080092ba                touchgfx::Callback<FrontendApplicationBase, void, void, void>::~Callback()
 .text._ZN8touchgfx10Transition10invalidateEv
                0x080092c8       0x10 TouchGFX/build/STM32F746-DISCO/TouchGFX/generated/gui_generated/src/common/FrontendApplicationBase.o
                0x080092c8                touchgfx::Transition::invalidate()
 .text._ZN23FrontendApplicationBaseC2ER5ModelR12FrontendHeap
                0x080092d8       0x70 TouchGFX/build/STM32F746-DISCO/TouchGFX/generated/gui_generated/src/common/FrontendApplicationBase.o
                0x080092d8                FrontendApplicationBase::FrontendApplicationBase(Model&, FrontendHeap&)
                0x080092d8                FrontendApplicationBase::FrontendApplicationBase(Model&, FrontendHeap&)
 .text._ZN23FrontendApplicationBase35gotoDarkGrayThemeScreenNoTransitionEv
                0x08009348       0x20 TouchGFX/build/STM32F746-DISCO/TouchGFX/generated/gui_generated/src/common/FrontendApplicationBase.o
                0x08009348                FrontendApplicationBase::gotoDarkGrayThemeScreenNoTransition()
 .text._ZN8touchgfx14makeTransitionI17DarkGrayThemeView22DarkGrayThemePresenterNS_12NoTransitionE5ModelEEPT0_PPNS_6ScreenEPPNS_9PresenterERNS_7MVPHeapEPPNS_10TransitionEPT2_
                0x08009368      0x140 TouchGFX/build/STM32F746-DISCO/TouchGFX/generated/gui_generated/src/common/FrontendApplicationBase.o
                0x08009368                DarkGrayThemePresenter* touchgfx::makeTransition<DarkGrayThemeView, DarkGrayThemePresenter, touchgfx::NoTransition, Model>(touchgfx::Screen**, touchgfx::Presenter**, touchgfx::MVPHeap&, touchgfx::Transition**, Model*)
 .text._ZN23FrontendApplicationBase39gotoDarkGrayThemeScreenNoTransitionImplEv
                0x080094a8       0x28 TouchGFX/build/STM32F746-DISCO/TouchGFX/generated/gui_generated/src/common/FrontendApplicationBase.o
                0x080094a8                FrontendApplicationBase::gotoDarkGrayThemeScreenNoTransitionImpl()
 .text._ZNK8touchgfx4Font8getGlyphEt
                0x080094d0       0x1e TouchGFX/build/STM32F746-DISCO/TouchGFX/generated/fonts/src/GeneratedFont.o
                0x080094d0                touchgfx::Font::getGlyph(unsigned short) const
 .text._ZNK8touchgfx4Font15getFallbackCharEv
                0x080094ee        0x4 TouchGFX/build/STM32F746-DISCO/TouchGFX/generated/fonts/src/GeneratedFont.o
                0x080094ee                touchgfx::Font::getFallbackChar() const
 .text._ZNK8touchgfx4Font15getEllipsisCharEv
                0x080094f2        0x4 TouchGFX/build/STM32F746-DISCO/TouchGFX/generated/fonts/src/GeneratedFont.o
                0x080094f2                touchgfx::Font::getEllipsisChar() const
 .text._ZNK8touchgfx4Font13getFontHeightEv
                0x080094f6        0x4 TouchGFX/build/STM32F746-DISCO/TouchGFX/generated/fonts/src/GeneratedFont.o
                0x080094f6                touchgfx::Font::getFontHeight() const
 .text._ZNK8touchgfx4Font20getMinimumTextHeightEv
                0x080094fa        0xa TouchGFX/build/STM32F746-DISCO/TouchGFX/generated/fonts/src/GeneratedFont.o
                0x080094fa                touchgfx::Font::getMinimumTextHeight() const
 .text._ZNK8touchgfx4Font15getBitsPerPixelEv
                0x08009504        0x8 TouchGFX/build/STM32F746-DISCO/TouchGFX/generated/fonts/src/GeneratedFont.o
                0x08009504                touchgfx::Font::getBitsPerPixel() const
 .text._ZNK8touchgfx4Font15getByteAlignRowEv
                0x0800950c        0x6 TouchGFX/build/STM32F746-DISCO/TouchGFX/generated/fonts/src/GeneratedFont.o
                0x0800950c                touchgfx::Font::getByteAlignRow() const
 .text._ZNK8touchgfx13GeneratedFont12getGSUBTableEv
                0x08009512        0x4 TouchGFX/build/STM32F746-DISCO/TouchGFX/generated/fonts/src/GeneratedFont.o
                0x08009512                touchgfx::GeneratedFont::getGSUBTable() const
 .text._ZN8touchgfx13GeneratedFontD2Ev
                0x08009516        0x2 TouchGFX/build/STM32F746-DISCO/TouchGFX/generated/fonts/src/GeneratedFont.o
                0x08009516                touchgfx::GeneratedFont::~GeneratedFont()
                0x08009516                touchgfx::GeneratedFont::~GeneratedFont()
 .text._ZNK8touchgfx13GeneratedFont12getPixelDataEPKNS_9GlyphNodeE
                0x08009518       0x10 TouchGFX/build/STM32F746-DISCO/TouchGFX/generated/fonts/src/GeneratedFont.o
                0x08009518                touchgfx::GeneratedFont::getPixelData(touchgfx::GlyphNode const*) const
 .text._ZNK8touchgfx13GeneratedFont10getKerningEtPKNS_9GlyphNodeE
                0x08009528       0x3a TouchGFX/build/STM32F746-DISCO/TouchGFX/generated/fonts/src/GeneratedFont.o
                0x08009528                touchgfx::GeneratedFont::getKerning(unsigned short, touchgfx::GlyphNode const*) const
 .text._ZN8touchgfx13GeneratedFontD0Ev
                0x08009562        0xe TouchGFX/build/STM32F746-DISCO/TouchGFX/generated/fonts/src/GeneratedFont.o
                0x08009562                touchgfx::GeneratedFont::~GeneratedFont()
 .text._ZN8touchgfx13GeneratedFontC2EPKNS_9GlyphNodeEtthhhhhPKPKhPKNS_11KerningNodeEttPKt
                0x08009570       0x50 TouchGFX/build/STM32F746-DISCO/TouchGFX/generated/fonts/src/GeneratedFont.o
                0x08009570                touchgfx::GeneratedFont::GeneratedFont(touchgfx::GlyphNode const*, unsigned short, unsigned short, unsigned char, unsigned char, unsigned char, unsigned char, unsigned char, unsigned char const* const*, touchgfx::KerningNode const*, unsigned short, unsigned short, unsigned short const*)
                0x08009570                touchgfx::GeneratedFont::GeneratedFont(touchgfx::GlyphNode const*, unsigned short, unsigned short, unsigned char, unsigned char, unsigned char, unsigned char, unsigned char, unsigned char const* const*, touchgfx::KerningNode const*, unsigned short, unsigned short, unsigned short const*)
 .text._Z23getFont_verdana_10_4bppv
                0x080095c0       0x74 TouchGFX/build/STM32F746-DISCO/TouchGFX/generated/fonts/src/Table_verdana_10_4bpp.o
                0x080095c0                getFont_verdana_10_4bpp()
 .text._Z23getFont_verdana_60_4bppv
                0x08009634       0x74 TouchGFX/build/STM32F746-DISCO/TouchGFX/generated/fonts/src/Table_verdana_60_4bpp.o
                0x08009634                getFont_verdana_60_4bpp()
 .text._Z24getFont_tahomabd_16_4bppv
                0x080096a8       0x74 TouchGFX/build/STM32F746-DISCO/TouchGFX/generated/fonts/src/Table_tahomabd_16_4bpp.o
                0x080096a8                getFont_tahomabd_16_4bpp()
 .text._Z24getFont_tahomabd_12_4bppv
                0x0800971c       0x78 TouchGFX/build/STM32F746-DISCO/TouchGFX/generated/fonts/src/Table_tahomabd_12_4bpp.o
                0x0800971c                getFont_tahomabd_12_4bpp()
 .text._ZN23ApplicationFontProviderD2Ev
                0x08009794        0x2 TouchGFX/build/STM32F746-DISCO/TouchGFX/generated/fonts/src/ApplicationFontProvider.o
                0x08009794                ApplicationFontProvider::~ApplicationFontProvider()
                0x08009794                ApplicationFontProvider::~ApplicationFontProvider()
 .text._ZN23ApplicationFontProviderD0Ev
                0x08009796        0xe TouchGFX/build/STM32F746-DISCO/TouchGFX/generated/fonts/src/ApplicationFontProvider.o
                0x08009796                ApplicationFontProvider::~ApplicationFontProvider()
 .text._ZN23ApplicationFontProvider7getFontEt
                0x080097a4       0x32 TouchGFX/build/STM32F746-DISCO/TouchGFX/generated/fonts/src/ApplicationFontProvider.o
                0x080097a4                ApplicationFontProvider::getFont(unsigned short)
 *fill*         0x080097d6        0x2 
 .text._ZN14BitmapDatabase11getInstanceEv
                0x080097d8        0x8 TouchGFX/build/STM32F746-DISCO/TouchGFX/generated/images/src/BitmapDatabase.o
                0x080097d8                BitmapDatabase::getInstance()
 .text._ZN14BitmapDatabase15getInstanceSizeEv
                0x080097e0        0x4 TouchGFX/build/STM32F746-DISCO/TouchGFX/generated/images/src/BitmapDatabase.o
                0x080097e0                BitmapDatabase::getInstanceSize()
 .text._ZN17TypedTextDatabase15getInstanceSizeEv
                0x080097e4        0x4 TouchGFX/build/STM32F746-DISCO/TouchGFX/generated/texts/src/TypedTextDatabase.o
                0x080097e4                TypedTextDatabase::getInstanceSize()
 .text._ZN17TypedTextDatabase8getFontsEv
                0x080097e8        0x8 TouchGFX/build/STM32F746-DISCO/TouchGFX/generated/texts/src/TypedTextDatabase.o
                0x080097e8                TypedTextDatabase::getFonts()
 .text.startup._GLOBAL__sub_I_touchgfx_fonts
                0x080097f0       0x24 TouchGFX/build/STM32F746-DISCO/TouchGFX/generated/texts/src/TypedTextDatabase.o
 .text._ZNK8touchgfx4Font12getGSUBTableEv
                0x08009814        0x4 TouchGFX/build/STM32F746-DISCO/TouchGFX/generated/texts/src/Texts.o
                0x08009814                touchgfx::Font::getGSUBTable() const
 .text._ZNK8touchgfx4Font14getStringWidthEPKtz
                0x08009818       0x1c TouchGFX/build/STM32F746-DISCO/TouchGFX/generated/texts/src/Texts.o
                0x08009818                touchgfx::Font::getStringWidth(unsigned short const*, ...) const
 .text._ZNK8touchgfx4Font14getStringWidthEhPKtz
                0x08009834       0x1a TouchGFX/build/STM32F746-DISCO/TouchGFX/generated/texts/src/Texts.o
                0x08009834                touchgfx::Font::getStringWidth(unsigned char, unsigned short const*, ...) const
 *fill*         0x0800984e        0x2 
 .text._ZN8touchgfx12TextProvider15getNextLigatureEh
                0x08009850       0x84 TouchGFX/build/STM32F746-DISCO/TouchGFX/generated/texts/src/Texts.o
                0x08009850                touchgfx::TextProvider::getNextLigature(unsigned char)
 .text._ZN8touchgfx12TextProvider18initializeInternalEv
                0x080098d4        0x4 TouchGFX/build/STM32F746-DISCO/TouchGFX/generated/texts/src/Texts.o
                0x080098d4                touchgfx::TextProvider::initializeInternal()
 .text._ZN8touchgfx5Texts11setLanguageEt
                0x080098d8       0x74 TouchGFX/build/STM32F746-DISCO/TouchGFX/generated/texts/src/Texts.o
                0x080098d8                touchgfx::Texts::setLanguage(unsigned short)
 .text._ZN8touchgfx3HAL21setDisplayOrientationENS_18DisplayOrientationE
                0x0800994c        0xc TouchGFX/build/STM32F746-DISCO/TouchGFX/target/generated/TouchGFXGeneratedHAL.o
                0x0800994c                touchgfx::HAL::setDisplayOrientation(touchgfx::DisplayOrientation)
 .text._ZN8touchgfx3HAL9sampleKeyERh
                0x08009958        0x4 TouchGFX/build/STM32F746-DISCO/TouchGFX/target/generated/TouchGFXGeneratedHAL.o
                0x08009958                touchgfx::HAL::sampleKey(unsigned char&)
 .text._ZNK8touchgfx3HAL18getFlashDataReaderEv
                0x0800995c        0x4 TouchGFX/build/STM32F746-DISCO/TouchGFX/target/generated/TouchGFXGeneratedHAL.o
                0x0800995c                touchgfx::HAL::getFlashDataReader() const
 .text._ZN8touchgfx3HAL9taskDelayEt
                0x08009960        0xa TouchGFX/build/STM32F746-DISCO/TouchGFX/target/generated/TouchGFXGeneratedHAL.o
                0x08009960                touchgfx::HAL::taskDelay(unsigned short)
 .text._ZN8touchgfx3HAL17getTFTCurrentLineEv
                0x0800996a        0x6 TouchGFX/build/STM32F746-DISCO/TouchGFX/target/generated/TouchGFXGeneratedHAL.o
                0x0800996a                touchgfx::HAL::getTFTCurrentLine()
 .text._ZN8touchgfx3HAL10getDMATypeEv
                0x08009970        0x8 TouchGFX/build/STM32F746-DISCO/TouchGFX/target/generated/TouchGFXGeneratedHAL.o
                0x08009970                touchgfx::HAL::getDMAType()
 .text._ZN20TouchGFXGeneratedHAL19configureInterruptsEv
                0x08009978       0x14 TouchGFX/build/STM32F746-DISCO/TouchGFX/target/generated/TouchGFXGeneratedHAL.o
                0x08009978                TouchGFXGeneratedHAL::configureInterrupts()
 .text._ZN20TouchGFXGeneratedHAL28enableLCDControllerInterruptEv
                0x0800998c       0x34 TouchGFX/build/STM32F746-DISCO/TouchGFX/target/generated/TouchGFXGeneratedHAL.o
                0x0800998c                TouchGFXGeneratedHAL::enableLCDControllerInterrupt()
 .text._ZNK20TouchGFXGeneratedHAL17getTFTFrameBufferEv
                0x080099c0        0xc TouchGFX/build/STM32F746-DISCO/TouchGFX/target/generated/TouchGFXGeneratedHAL.o
                0x080099c0                TouchGFXGeneratedHAL::getTFTFrameBuffer() const
 .text._ZN20TouchGFXGeneratedHAL17setTFTFrameBufferEPt
                0x080099cc       0x10 TouchGFX/build/STM32F746-DISCO/TouchGFX/target/generated/TouchGFXGeneratedHAL.o
                0x080099cc                TouchGFXGeneratedHAL::setTFTFrameBuffer(unsigned short*)
 .text._ZN8touchgfx3HAL28setFrameBufferStartAddressesEPvS1_S1_
                0x080099dc       0x44 TouchGFX/build/STM32F746-DISCO/TouchGFX/target/generated/TouchGFXGeneratedHAL.o
                0x080099dc                touchgfx::HAL::setFrameBufferStartAddresses(void*, void*, void*)
 .text._ZN8touchgfx3HAL26setFrameBufferStartAddressEPvtbb
                0x08009a20       0x90 TouchGFX/build/STM32F746-DISCO/TouchGFX/target/generated/TouchGFXGeneratedHAL.o
                0x08009a20                touchgfx::HAL::setFrameBufferStartAddress(void*, unsigned short, bool, bool)
 .text._ZN20TouchGFXGeneratedHAL16flushFrameBufferERKN8touchgfx4RectE
                0x08009ab0        0x4 TouchGFX/build/STM32F746-DISCO/TouchGFX/target/generated/TouchGFXGeneratedHAL.o
                0x08009ab0                TouchGFXGeneratedHAL::flushFrameBuffer(touchgfx::Rect const&)
 .text._ZN8touchgfx3HAL15backPorchExitedEv
                0x08009ab4       0x16 TouchGFX/build/STM32F746-DISCO/TouchGFX/target/generated/TouchGFXGeneratedHAL.o
                0x08009ab4                touchgfx::HAL::backPorchExited()
 .text._ZN8touchgfx3HAL11getBlitCapsEv
                0x08009aca       0x12 TouchGFX/build/STM32F746-DISCO/TouchGFX/target/generated/TouchGFXGeneratedHAL.o
                0x08009aca                touchgfx::HAL::getBlitCaps()
 .text._ZN8touchgfx3HAL31performDisplayOrientationChangeEv
                0x08009adc       0x60 TouchGFX/build/STM32F746-DISCO/TouchGFX/target/generated/TouchGFXGeneratedHAL.o
                0x08009adc                touchgfx::HAL::performDisplayOrientationChange()
 .text._ZN20TouchGFXGeneratedHAL16enableInterruptsEv
                0x08009b3c       0x14 TouchGFX/build/STM32F746-DISCO/TouchGFX/target/generated/TouchGFXGeneratedHAL.o
                0x08009b3c                TouchGFXGeneratedHAL::enableInterrupts()
 .text._ZN20TouchGFXGeneratedHAL17disableInterruptsEv
                0x08009b50       0x28 TouchGFX/build/STM32F746-DISCO/TouchGFX/target/generated/TouchGFXGeneratedHAL.o
                0x08009b50                TouchGFXGeneratedHAL::disableInterrupts()
 .text._ZN20TouchGFXGeneratedHAL10initializeEv
                0x08009b78       0x34 TouchGFX/build/STM32F746-DISCO/TouchGFX/target/generated/TouchGFXGeneratedHAL.o
                0x08009b78                TouchGFXGeneratedHAL::initialize()
 .text.HAL_LTDC_LineEventCallback
                0x08009bac       0x60 TouchGFX/build/STM32F746-DISCO/TouchGFX/target/generated/TouchGFXGeneratedHAL.o
                0x08009bac                HAL_LTDC_LineEventCallback
 .text.SCB_CleanInvalidateDCache
                0x08009c0c       0x54 TouchGFX/build/STM32F746-DISCO/TouchGFX/target/generated/STM32DMA.o
 .text._ZN8touchgfx13DMA_Interface5flushEv
                0x08009c60        0x6 TouchGFX/build/STM32F746-DISCO/TouchGFX/target/generated/STM32DMA.o
                0x08009c60                touchgfx::DMA_Interface::flush()
 .text._ZN8touchgfx13DMA_Interface10getDMATypeEv
                0x08009c66        0x4 TouchGFX/build/STM32F746-DISCO/TouchGFX/target/generated/STM32DMA.o
                0x08009c66                touchgfx::DMA_Interface::getDMAType()
 .text._ZN10STM32F7DMA18signalDMAInterruptEv
                0x08009c6a        0x6 TouchGFX/build/STM32F746-DISCO/TouchGFX/target/generated/STM32DMA.o
                0x08009c6a                STM32F7DMA::signalDMAInterrupt()
 .text._ZN10STM32F7DMA11getBlitCapsEv
                0x08009c70        0x6 TouchGFX/build/STM32F746-DISCO/TouchGFX/target/generated/STM32DMA.o
                0x08009c70                STM32F7DMA::getBlitCaps()
 *fill*         0x08009c76        0x2 
 .text._ZN10STM32F7DMA10initializeEv
                0x08009c78       0x34 TouchGFX/build/STM32F746-DISCO/TouchGFX/target/generated/STM32DMA.o
                0x08009c78                STM32F7DMA::initialize()
 .text.DMA2D_XferErrorCallback
                0x08009cac       0x1c TouchGFX/build/STM32F746-DISCO/TouchGFX/target/generated/STM32DMA.o
 .text.DMA2D_XferCpltCallback
                0x08009cc8       0x1c TouchGFX/build/STM32F746-DISCO/TouchGFX/target/generated/STM32DMA.o
 .text._ZN10STM32F7DMAD2Ev
                0x08009ce4       0x30 TouchGFX/build/STM32F746-DISCO/TouchGFX/target/generated/STM32DMA.o
                0x08009ce4                STM32F7DMA::~STM32F7DMA()
                0x08009ce4                STM32F7DMA::~STM32F7DMA()
 .text._ZN10STM32F7DMAD0Ev
                0x08009d14       0x16 TouchGFX/build/STM32F746-DISCO/TouchGFX/target/generated/STM32DMA.o
                0x08009d14                STM32F7DMA::~STM32F7DMA()
 *fill*         0x08009d2a        0x2 
 .text._ZN8touchgfx3HAL3lcdEv
                0x08009d2c       0x18 TouchGFX/build/STM32F746-DISCO/TouchGFX/target/generated/STM32DMA.o
                0x08009d2c                touchgfx::HAL::lcd()
 .text._ZN10STM32F7DMA13setupDataCopyERKN8touchgfx6BlitOpE
                0x08009d44      0x1a8 TouchGFX/build/STM32F746-DISCO/TouchGFX/target/generated/STM32DMA.o
                0x08009d44                STM32F7DMA::setupDataCopy(touchgfx::BlitOp const&)
 .text._ZN10STM32F7DMA13setupDataFillERKN8touchgfx6BlitOpE
                0x08009eec      0x10c TouchGFX/build/STM32F746-DISCO/TouchGFX/target/generated/STM32DMA.o
                0x08009eec                STM32F7DMA::setupDataFill(touchgfx::BlitOp const&)
 .text._ZN10STM32F7DMAC2Ev
                0x08009ff8       0x34 TouchGFX/build/STM32F746-DISCO/TouchGFX/target/generated/STM32DMA.o
                0x08009ff8                STM32F7DMA::STM32F7DMA()
                0x08009ff8                STM32F7DMA::STM32F7DMA()
 .text._ZN8touchgfx10OSWrappers10initializeEv
                0x0800a02c       0x34 TouchGFX/build/STM32F746-DISCO/TouchGFX/target/generated/OSWrappers.o
                0x0800a02c                touchgfx::OSWrappers::initialize()
 .text._ZN8touchgfx10OSWrappers24takeFrameBufferSemaphoreEv
                0x0800a060       0x10 TouchGFX/build/STM32F746-DISCO/TouchGFX/target/generated/OSWrappers.o
                0x0800a060                touchgfx::OSWrappers::takeFrameBufferSemaphore()
 .text._ZN8touchgfx10OSWrappers24giveFrameBufferSemaphoreEv
                0x0800a070       0x14 TouchGFX/build/STM32F746-DISCO/TouchGFX/target/generated/OSWrappers.o
                0x0800a070                touchgfx::OSWrappers::giveFrameBufferSemaphore()
 .text._ZN8touchgfx10OSWrappers27tryTakeFrameBufferSemaphoreEv
                0x0800a084       0x10 TouchGFX/build/STM32F746-DISCO/TouchGFX/target/generated/OSWrappers.o
                0x0800a084                touchgfx::OSWrappers::tryTakeFrameBufferSemaphore()
 .text._ZN8touchgfx10OSWrappers31giveFrameBufferSemaphoreFromISREv
                0x0800a094       0x34 TouchGFX/build/STM32F746-DISCO/TouchGFX/target/generated/OSWrappers.o
                0x0800a094                touchgfx::OSWrappers::giveFrameBufferSemaphoreFromISR()
 .text._ZN8touchgfx10OSWrappers11signalVSyncEv
                0x0800a0c8       0x3c TouchGFX/build/STM32F746-DISCO/TouchGFX/target/generated/OSWrappers.o
                0x0800a0c8                touchgfx::OSWrappers::signalVSync()
 .text._ZN8touchgfx10OSWrappers12waitForVSyncEv
                0x0800a104       0x28 TouchGFX/build/STM32F746-DISCO/TouchGFX/target/generated/OSWrappers.o
                0x0800a104                touchgfx::OSWrappers::waitForVSync()
 .text._ZN20STM32TouchControllerD2Ev
                0x0800a12c        0x2 TouchGFX/build/STM32F746-DISCO/TouchGFX/target/generated/TouchGFXConfiguration.o
                0x0800a12c                STM32TouchController::~STM32TouchController()
                0x0800a12c                STM32TouchController::~STM32TouchController()
 .text._ZN8touchgfx8LCD24bppD2Ev
                0x0800a12e        0x2 TouchGFX/build/STM32F746-DISCO/TouchGFX/target/generated/TouchGFXConfiguration.o
                0x0800a12e                touchgfx::LCD24bpp::~LCD24bpp()
                0x0800a12e                touchgfx::LCD24bpp::~LCD24bpp()
 .text._ZN11TouchGFXHALD2Ev
                0x0800a130        0x2 TouchGFX/build/STM32F746-DISCO/TouchGFX/target/generated/TouchGFXConfiguration.o
                0x0800a130                TouchGFXHAL::~TouchGFXHAL()
                0x0800a130                TouchGFXHAL::~TouchGFXHAL()
 .text._ZNK8touchgfx9PartitionINS_4meta8TypeListINS_12NoTransitionENS2_INS1_3NilES4_EEEELt1EE8capacityEv
                0x0800a132        0x4 TouchGFX/build/STM32F746-DISCO/TouchGFX/target/generated/TouchGFXConfiguration.o
                0x0800a132                touchgfx::Partition<touchgfx::meta::TypeList<touchgfx::NoTransition, touchgfx::meta::TypeList<touchgfx::meta::Nil, touchgfx::meta::Nil> >, (unsigned short)1>::capacity() const
 .text._ZN8touchgfx9PartitionINS_4meta8TypeListINS_12NoTransitionENS2_INS1_3NilES4_EEEELt1EE12element_sizeEv
                0x0800a136        0x4 TouchGFX/build/STM32F746-DISCO/TouchGFX/target/generated/TouchGFXConfiguration.o
                0x0800a136                touchgfx::Partition<touchgfx::meta::TypeList<touchgfx::NoTransition, touchgfx::meta::TypeList<touchgfx::meta::Nil, touchgfx::meta::Nil> >, (unsigned short)1>::element_size()
 .text._ZN8touchgfx9PartitionINS_4meta8TypeListINS_12NoTransitionENS2_INS1_3NilES4_EEEELt1EE7elementEt
                0x0800a13a        0xa TouchGFX/build/STM32F746-DISCO/TouchGFX/target/generated/TouchGFXConfiguration.o
                0x0800a13a                touchgfx::Partition<touchgfx::meta::TypeList<touchgfx::NoTransition, touchgfx::meta::TypeList<touchgfx::meta::Nil, touchgfx::meta::Nil> >, (unsigned short)1>::element(unsigned short)
 .text._ZNK8touchgfx9PartitionINS_4meta8TypeListINS_12NoTransitionENS2_INS1_3NilES4_EEEELt1EE7elementEt
                0x0800a144        0xa TouchGFX/build/STM32F746-DISCO/TouchGFX/target/generated/TouchGFXConfiguration.o
                0x0800a144                touchgfx::Partition<touchgfx::meta::TypeList<touchgfx::NoTransition, touchgfx::meta::TypeList<touchgfx::meta::Nil, touchgfx::meta::Nil> >, (unsigned short)1>::element(unsigned short) const
 .text._ZNK8touchgfx9PartitionINS_4meta8TypeListI17MaterialThemeViewNS2_INS1_3NilES4_EEEELt1EE8capacityEv
                0x0800a14e        0x4 TouchGFX/build/STM32F746-DISCO/TouchGFX/target/generated/TouchGFXConfiguration.o
                0x0800a14e                touchgfx::Partition<touchgfx::meta::TypeList<MaterialThemeView, touchgfx::meta::TypeList<touchgfx::meta::Nil, touchgfx::meta::Nil> >, (unsigned short)1>::capacity() const
 .text._ZN8touchgfx9PartitionINS_4meta8TypeListI17MaterialThemeViewNS2_INS1_3NilES4_EEEELt1EE12element_sizeEv
                0x0800a152        0x6 TouchGFX/build/STM32F746-DISCO/TouchGFX/target/generated/TouchGFXConfiguration.o
                0x0800a152                touchgfx::Partition<touchgfx::meta::TypeList<MaterialThemeView, touchgfx::meta::TypeList<touchgfx::meta::Nil, touchgfx::meta::Nil> >, (unsigned short)1>::element_size()
 .text._ZN8touchgfx9PartitionINS_4meta8TypeListI17MaterialThemeViewNS2_INS1_3NilES4_EEEELt1EE7elementEt
                0x0800a158        0xc TouchGFX/build/STM32F746-DISCO/TouchGFX/target/generated/TouchGFXConfiguration.o
                0x0800a158                touchgfx::Partition<touchgfx::meta::TypeList<MaterialThemeView, touchgfx::meta::TypeList<touchgfx::meta::Nil, touchgfx::meta::Nil> >, (unsigned short)1>::element(unsigned short)
 .text._ZNK8touchgfx9PartitionINS_4meta8TypeListI17MaterialThemeViewNS2_INS1_3NilES4_EEEELt1EE7elementEt
                0x0800a164        0xc TouchGFX/build/STM32F746-DISCO/TouchGFX/target/generated/TouchGFXConfiguration.o
                0x0800a164                touchgfx::Partition<touchgfx::meta::TypeList<MaterialThemeView, touchgfx::meta::TypeList<touchgfx::meta::Nil, touchgfx::meta::Nil> >, (unsigned short)1>::element(unsigned short) const
 .text._ZNK8touchgfx9PartitionINS_4meta8TypeListI22DarkGrayThemePresenterNS2_INS1_3NilES4_EEEELt1EE8capacityEv
                0x0800a170        0x4 TouchGFX/build/STM32F746-DISCO/TouchGFX/target/generated/TouchGFXConfiguration.o
                0x0800a170                touchgfx::Partition<touchgfx::meta::TypeList<DarkGrayThemePresenter, touchgfx::meta::TypeList<touchgfx::meta::Nil, touchgfx::meta::Nil> >, (unsigned short)1>::capacity() const
 .text._ZN8touchgfx9PartitionINS_4meta8TypeListI22DarkGrayThemePresenterNS2_INS1_3NilES4_EEEELt1EE12element_sizeEv
                0x0800a174        0x4 TouchGFX/build/STM32F746-DISCO/TouchGFX/target/generated/TouchGFXConfiguration.o
                0x0800a174                touchgfx::Partition<touchgfx::meta::TypeList<DarkGrayThemePresenter, touchgfx::meta::TypeList<touchgfx::meta::Nil, touchgfx::meta::Nil> >, (unsigned short)1>::element_size()
 .text._ZN8touchgfx9PartitionINS_4meta8TypeListI22DarkGrayThemePresenterNS2_INS1_3NilES4_EEEELt1EE7elementEt
                0x0800a178        0x8 TouchGFX/build/STM32F746-DISCO/TouchGFX/target/generated/TouchGFXConfiguration.o
                0x0800a178                touchgfx::Partition<touchgfx::meta::TypeList<DarkGrayThemePresenter, touchgfx::meta::TypeList<touchgfx::meta::Nil, touchgfx::meta::Nil> >, (unsigned short)1>::element(unsigned short)
 .text._ZNK8touchgfx9PartitionINS_4meta8TypeListI22DarkGrayThemePresenterNS2_INS1_3NilES4_EEEELt1EE7elementEt
                0x0800a180        0x8 TouchGFX/build/STM32F746-DISCO/TouchGFX/target/generated/TouchGFXConfiguration.o
                0x0800a180                touchgfx::Partition<touchgfx::meta::TypeList<DarkGrayThemePresenter, touchgfx::meta::TypeList<touchgfx::meta::Nil, touchgfx::meta::Nil> >, (unsigned short)1>::element(unsigned short) const
 .text._ZN16FrontendHeapBase15gotoStartScreenER19FrontendApplication
                0x0800a188        0x6 TouchGFX/build/STM32F746-DISCO/TouchGFX/target/generated/TouchGFXConfiguration.o
                0x0800a188                FrontendHeapBase::gotoStartScreen(FrontendApplication&)
 *fill*         0x0800a18e        0x2 
 .text._ZN8touchgfx9PartitionINS_4meta8TypeListINS_12NoTransitionENS2_INS1_3NilES4_EEEELt1EED2Ev
                0x0800a190       0x14 TouchGFX/build/STM32F746-DISCO/TouchGFX/target/generated/TouchGFXConfiguration.o
                0x0800a190                touchgfx::Partition<touchgfx::meta::TypeList<touchgfx::NoTransition, touchgfx::meta::TypeList<touchgfx::meta::Nil, touchgfx::meta::Nil> >, (unsigned short)1>::~Partition()
                0x0800a190                touchgfx::Partition<touchgfx::meta::TypeList<touchgfx::NoTransition, touchgfx::meta::TypeList<touchgfx::meta::Nil, touchgfx::meta::Nil> >, (unsigned short)1>::~Partition()
 .text._ZN8touchgfx9PartitionINS_4meta8TypeListINS_12NoTransitionENS2_INS1_3NilES4_EEEELt1EED0Ev
                0x0800a1a4       0x14 TouchGFX/build/STM32F746-DISCO/TouchGFX/target/generated/TouchGFXConfiguration.o
                0x0800a1a4                touchgfx::Partition<touchgfx::meta::TypeList<touchgfx::NoTransition, touchgfx::meta::TypeList<touchgfx::meta::Nil, touchgfx::meta::Nil> >, (unsigned short)1>::~Partition()
 .text._ZN8touchgfx9PartitionINS_4meta8TypeListI17MaterialThemeViewNS2_INS1_3NilES4_EEEELt1EED2Ev
                0x0800a1b8       0x14 TouchGFX/build/STM32F746-DISCO/TouchGFX/target/generated/TouchGFXConfiguration.o
                0x0800a1b8                touchgfx::Partition<touchgfx::meta::TypeList<MaterialThemeView, touchgfx::meta::TypeList<touchgfx::meta::Nil, touchgfx::meta::Nil> >, (unsigned short)1>::~Partition()
                0x0800a1b8                touchgfx::Partition<touchgfx::meta::TypeList<MaterialThemeView, touchgfx::meta::TypeList<touchgfx::meta::Nil, touchgfx::meta::Nil> >, (unsigned short)1>::~Partition()
 .text._ZN8touchgfx9PartitionINS_4meta8TypeListI17MaterialThemeViewNS2_INS1_3NilES4_EEEELt1EED0Ev
                0x0800a1cc       0x16 TouchGFX/build/STM32F746-DISCO/TouchGFX/target/generated/TouchGFXConfiguration.o
                0x0800a1cc                touchgfx::Partition<touchgfx::meta::TypeList<MaterialThemeView, touchgfx::meta::TypeList<touchgfx::meta::Nil, touchgfx::meta::Nil> >, (unsigned short)1>::~Partition()
 *fill*         0x0800a1e2        0x2 
 .text._ZN8touchgfx9PartitionINS_4meta8TypeListI22DarkGrayThemePresenterNS2_INS1_3NilES4_EEEELt1EED2Ev
                0x0800a1e4       0x14 TouchGFX/build/STM32F746-DISCO/TouchGFX/target/generated/TouchGFXConfiguration.o
                0x0800a1e4                touchgfx::Partition<touchgfx::meta::TypeList<DarkGrayThemePresenter, touchgfx::meta::TypeList<touchgfx::meta::Nil, touchgfx::meta::Nil> >, (unsigned short)1>::~Partition()
                0x0800a1e4                touchgfx::Partition<touchgfx::meta::TypeList<DarkGrayThemePresenter, touchgfx::meta::TypeList<touchgfx::meta::Nil, touchgfx::meta::Nil> >, (unsigned short)1>::~Partition()
 .text._ZN8touchgfx9PartitionINS_4meta8TypeListI22DarkGrayThemePresenterNS2_INS1_3NilES4_EEEELt1EED0Ev
                0x0800a1f8       0x14 TouchGFX/build/STM32F746-DISCO/TouchGFX/target/generated/TouchGFXConfiguration.o
                0x0800a1f8                touchgfx::Partition<touchgfx::meta::TypeList<DarkGrayThemePresenter, touchgfx::meta::TypeList<touchgfx::meta::Nil, touchgfx::meta::Nil> >, (unsigned short)1>::~Partition()
 .text._ZN12FrontendHeapD2Ev
                0x0800a20c       0x28 TouchGFX/build/STM32F746-DISCO/TouchGFX/target/generated/TouchGFXConfiguration.o
                0x0800a20c                FrontendHeap::~FrontendHeap()
                0x0800a20c                FrontendHeap::~FrontendHeap()
 .text._ZN12FrontendHeapD0Ev
                0x0800a234       0x16 TouchGFX/build/STM32F746-DISCO/TouchGFX/target/generated/TouchGFXConfiguration.o
                0x0800a234                FrontendHeap::~FrontendHeap()
 *fill*         0x0800a24a        0x2 
 .text.touchgfx_init
                0x0800a24c       0xec TouchGFX/build/STM32F746-DISCO/TouchGFX/target/generated/TouchGFXConfiguration.o
                0x0800a24c                touchgfx_init
 .text.touchgfx_taskEntry
                0x0800a338        0xc TouchGFX/build/STM32F746-DISCO/TouchGFX/target/generated/TouchGFXConfiguration.o
                0x0800a338                touchgfx_taskEntry
 .text._ZN20STM32TouchControllerD0Ev
                0x0800a344        0xe TouchGFX/build/STM32F746-DISCO/TouchGFX/target/generated/TouchGFXConfiguration.o
                0x0800a344                STM32TouchController::~STM32TouchController()
 .text._ZN8touchgfx8LCD24bppD0Ev
                0x0800a352        0xe TouchGFX/build/STM32F746-DISCO/TouchGFX/target/generated/TouchGFXConfiguration.o
                0x0800a352                touchgfx::LCD24bpp::~LCD24bpp()
 .text._ZN11TouchGFXHALD0Ev
                0x0800a360        0xe TouchGFX/build/STM32F746-DISCO/TouchGFX/target/generated/TouchGFXConfiguration.o
                0x0800a360                TouchGFXHAL::~TouchGFXHAL()
 *fill*         0x0800a36e        0x2 
 .text.startup._GLOBAL__sub_I_touchgfx_init
                0x0800a370      0x128 TouchGFX/build/STM32F746-DISCO/TouchGFX/target/generated/TouchGFXConfiguration.o
 .text._ZNK11TouchGFXHAL17getTFTFrameBufferEv
                0x0800a498        0x4 TouchGFX/build/STM32F746-DISCO/TouchGFX/target/TouchGFXHAL.o
                0x0800a498                TouchGFXHAL::getTFTFrameBuffer() const
 .text._ZN11TouchGFXHAL17setTFTFrameBufferEPt
                0x0800a49c        0x4 TouchGFX/build/STM32F746-DISCO/TouchGFX/target/TouchGFXHAL.o
                0x0800a49c                TouchGFXHAL::setTFTFrameBuffer(unsigned short*)
 .text._ZN11TouchGFXHAL16flushFrameBufferERKN8touchgfx4RectE
                0x0800a4a0       0x58 TouchGFX/build/STM32F746-DISCO/TouchGFX/target/TouchGFXHAL.o
                0x0800a4a0                TouchGFXHAL::flushFrameBuffer(touchgfx::Rect const&)
 .text._ZN11TouchGFXHAL19configureInterruptsEv
                0x0800a4f8        0x4 TouchGFX/build/STM32F746-DISCO/TouchGFX/target/TouchGFXHAL.o
                0x0800a4f8                TouchGFXHAL::configureInterrupts()
 .text._ZN11TouchGFXHAL16enableInterruptsEv
                0x0800a4fc        0x4 TouchGFX/build/STM32F746-DISCO/TouchGFX/target/TouchGFXHAL.o
                0x0800a4fc                TouchGFXHAL::enableInterrupts()
 .text._ZN11TouchGFXHAL17disableInterruptsEv
                0x0800a500        0x4 TouchGFX/build/STM32F746-DISCO/TouchGFX/target/TouchGFXHAL.o
                0x0800a500                TouchGFXHAL::disableInterrupts()
 .text._ZN11TouchGFXHAL28enableLCDControllerInterruptEv
                0x0800a504        0x4 TouchGFX/build/STM32F746-DISCO/TouchGFX/target/TouchGFXHAL.o
                0x0800a504                TouchGFXHAL::enableLCDControllerInterrupt()
 .text._ZN11TouchGFXHAL16flushFrameBufferEv
                0x0800a508        0x4 TouchGFX/build/STM32F746-DISCO/TouchGFX/target/TouchGFXHAL.o
                0x0800a508                TouchGFXHAL::flushFrameBuffer()
 .text._ZN11TouchGFXHAL10initializeEv
                0x0800a50c        0x4 TouchGFX/build/STM32F746-DISCO/TouchGFX/target/TouchGFXHAL.o
                0x0800a50c                TouchGFXHAL::initialize()
 .text._ZN8touchgfx4GPIO3setENS0_7GPIO_IDE
                0x0800a510        0x2 TouchGFX/build/STM32F746-DISCO/TouchGFX/target/TouchGFXGPIO.o
                0x0800a510                touchgfx::GPIO::set(touchgfx::GPIO::GPIO_ID)
 .text._ZN8touchgfx4GPIO5clearENS0_7GPIO_IDE
                0x0800a512        0x2 TouchGFX/build/STM32F746-DISCO/TouchGFX/target/TouchGFXGPIO.o
                0x0800a512                touchgfx::GPIO::clear(touchgfx::GPIO::GPIO_ID)
 .text._ZN8touchgfx4GPIO6toggleENS0_7GPIO_IDE
                0x0800a514        0x2 TouchGFX/build/STM32F746-DISCO/TouchGFX/target/TouchGFXGPIO.o
                0x0800a514                touchgfx::GPIO::toggle(touchgfx::GPIO::GPIO_ID)
 *fill*         0x0800a516        0x2 
 .text._ZN20STM32TouchController4initEv
                0x0800a518       0x14 TouchGFX/build/STM32F746-DISCO/TouchGFX/target/STM32TouchController.o
                0x0800a518                STM32TouchController::init()
 .text._ZN20STM32TouchController11sampleTouchERlS0_
                0x0800a52c       0x30 TouchGFX/build/STM32F746-DISCO/TouchGFX/target/STM32TouchController.o
                0x0800a52c                STM32TouchController::sampleTouch(long&, long&)
 .text.TS_IO_Write
                0x0800a55c       0x30 TouchGFX/build/STM32F746-DISCO/TouchGFX/target/STM32TouchController.o
                0x0800a55c                TS_IO_Write
 .text.TS_IO_Read
                0x0800a58c       0x38 TouchGFX/build/STM32F746-DISCO/TouchGFX/target/STM32TouchController.o
                0x0800a58c                TS_IO_Read
 .text.SystemInit
                0x0800a5c4       0x4c TouchGFX/build/STM32F746-DISCO/Core/Src/system_stm32f7xx.o
                0x0800a5c4                SystemInit
 .text.StartDefaultTask
                0x0800a610        0xe TouchGFX/build/STM32F746-DISCO/Core/Src/main.o
                0x0800a610                StartDefaultTask
 *fill*         0x0800a61e        0x2 
 .text.SystemClock_Config
                0x0800a620       0xcc TouchGFX/build/STM32F746-DISCO/Core/Src/main.o
                0x0800a620                SystemClock_Config
 .text.startup.main
                0x0800a6ec      0x830 TouchGFX/build/STM32F746-DISCO/Core/Src/main.o
                0x0800a6ec                main
 .text.HAL_TIM_PeriodElapsedCallback
                0x0800af1c       0x14 TouchGFX/build/STM32F746-DISCO/Core/Src/main.o
                0x0800af1c                HAL_TIM_PeriodElapsedCallback
 .text.HAL_InitTick
                0x0800af30       0x78 TouchGFX/build/STM32F746-DISCO/Core/Src/stm32f7xx_hal_timebase_tim.o
                0x0800af30                HAL_InitTick
 .text.HAL_MspInit
                0x0800afa8       0x3c TouchGFX/build/STM32F746-DISCO/Core/Src/stm32f7xx_hal_msp.o
                0x0800afa8                HAL_MspInit
 .text.HAL_CRC_MspInit
                0x0800afe4       0x2c TouchGFX/build/STM32F746-DISCO/Core/Src/stm32f7xx_hal_msp.o
                0x0800afe4                HAL_CRC_MspInit
 .text.HAL_DMA2D_MspInit
                0x0800b010       0x40 TouchGFX/build/STM32F746-DISCO/Core/Src/stm32f7xx_hal_msp.o
                0x0800b010                HAL_DMA2D_MspInit
 .text.HAL_DMA2D_MspDeInit
                0x0800b050       0x24 TouchGFX/build/STM32F746-DISCO/Core/Src/stm32f7xx_hal_msp.o
                0x0800b050                HAL_DMA2D_MspDeInit
 .text.HAL_I2C_MspInit
                0x0800b074       0x6c TouchGFX/build/STM32F746-DISCO/Core/Src/stm32f7xx_hal_msp.o
                0x0800b074                HAL_I2C_MspInit
 .text.HAL_I2C_MspDeInit
                0x0800b0e0       0x2c TouchGFX/build/STM32F746-DISCO/Core/Src/stm32f7xx_hal_msp.o
                0x0800b0e0                HAL_I2C_MspDeInit
 .text.HAL_LTDC_MspInit
                0x0800b10c      0x124 TouchGFX/build/STM32F746-DISCO/Core/Src/stm32f7xx_hal_msp.o
                0x0800b10c                HAL_LTDC_MspInit
 .text.HAL_QSPI_MspInit
                0x0800b230       0xdc TouchGFX/build/STM32F746-DISCO/Core/Src/stm32f7xx_hal_msp.o
                0x0800b230                HAL_QSPI_MspInit
 .text.HAL_QSPI_MspDeInit
                0x0800b30c       0x48 TouchGFX/build/STM32F746-DISCO/Core/Src/stm32f7xx_hal_msp.o
                0x0800b30c                HAL_QSPI_MspDeInit
 .text.HAL_SDRAM_MspInit
                0x0800b354       0xd8 TouchGFX/build/STM32F746-DISCO/Core/Src/stm32f7xx_hal_msp.o
                0x0800b354                HAL_SDRAM_MspInit
 .text.vApplicationIdleHook
                0x0800b42c        0x2 TouchGFX/build/STM32F746-DISCO/Core/Src/freertos.o
                0x0800b42c                vApplicationIdleHook
 .text.vApplicationStackOverflowHook
                0x0800b42e        0x2 TouchGFX/build/STM32F746-DISCO/Core/Src/freertos.o
                0x0800b42e                vApplicationStackOverflowHook
 .text.vApplicationMallocFailedHook
                0x0800b430        0x2 TouchGFX/build/STM32F746-DISCO/Core/Src/freertos.o
                0x0800b430                vApplicationMallocFailedHook
 .text.NMI_Handler
                0x0800b432        0x2 TouchGFX/build/STM32F746-DISCO/Core/Src/stm32f7xx_it.o
                0x0800b432                NMI_Handler
 .text.HardFault_Handler
                0x0800b434        0x2 TouchGFX/build/STM32F746-DISCO/Core/Src/stm32f7xx_it.o
                0x0800b434                HardFault_Handler
 .text.MemManage_Handler
                0x0800b436        0x2 TouchGFX/build/STM32F746-DISCO/Core/Src/stm32f7xx_it.o
                0x0800b436                MemManage_Handler
 .text.BusFault_Handler
                0x0800b438        0x2 TouchGFX/build/STM32F746-DISCO/Core/Src/stm32f7xx_it.o
                0x0800b438                BusFault_Handler
 .text.UsageFault_Handler
                0x0800b43a        0x2 TouchGFX/build/STM32F746-DISCO/Core/Src/stm32f7xx_it.o
                0x0800b43a                UsageFault_Handler
 .text.DebugMon_Handler
                0x0800b43c        0x2 TouchGFX/build/STM32F746-DISCO/Core/Src/stm32f7xx_it.o
                0x0800b43c                DebugMon_Handler
 *fill*         0x0800b43e        0x2 
 .text.TIM6_DAC_IRQHandler
                0x0800b440        0xc TouchGFX/build/STM32F746-DISCO/Core/Src/stm32f7xx_it.o
                0x0800b440                TIM6_DAC_IRQHandler
 .text.LTDC_IRQHandler
                0x0800b44c        0xc TouchGFX/build/STM32F746-DISCO/Core/Src/stm32f7xx_it.o
                0x0800b44c                LTDC_IRQHandler
 .text.DMA2D_IRQHandler
                0x0800b458        0xc TouchGFX/build/STM32F746-DISCO/Core/Src/stm32f7xx_it.o
                0x0800b458                DMA2D_IRQHandler
 .text.HAL_Init
                0x0800b464       0x2c TouchGFX/build/STM32F746-DISCO/Drivers/STM32F7xx_HAL_Driver/Src/stm32f7xx_hal.o
                0x0800b464                HAL_Init
 .text.HAL_IncTick
                0x0800b490       0x18 TouchGFX/build/STM32F746-DISCO/Drivers/STM32F7xx_HAL_Driver/Src/stm32f7xx_hal.o
                0x0800b490                HAL_IncTick
 .text.HAL_GetTick
                0x0800b4a8        0xc TouchGFX/build/STM32F746-DISCO/Drivers/STM32F7xx_HAL_Driver/Src/stm32f7xx_hal.o
                0x0800b4a8                HAL_GetTick
 .text.HAL_Delay
                0x0800b4b4       0x24 TouchGFX/build/STM32F746-DISCO/Drivers/STM32F7xx_HAL_Driver/Src/stm32f7xx_hal.o
                0x0800b4b4                HAL_Delay
 .text.HAL_RCCEx_PeriphCLKConfig
                0x0800b4d8      0x548 TouchGFX/build/STM32F746-DISCO/Drivers/STM32F7xx_HAL_Driver/Src/stm32f7xx_hal_rcc_ex.o
                0x0800b4d8                HAL_RCCEx_PeriphCLKConfig
 .text.HAL_CRC_Init
                0x0800ba20       0x78 TouchGFX/build/STM32F746-DISCO/Drivers/STM32F7xx_HAL_Driver/Src/stm32f7xx_hal_crc.o
                0x0800ba20                HAL_CRC_Init
 .text.LTDC_SetConfig
                0x0800ba98      0x148 TouchGFX/build/STM32F746-DISCO/Drivers/STM32F7xx_HAL_Driver/Src/stm32f7xx_hal_ltdc.o
 .text.HAL_LTDC_Init
                0x0800bbe0       0xf4 TouchGFX/build/STM32F746-DISCO/Drivers/STM32F7xx_HAL_Driver/Src/stm32f7xx_hal_ltdc.o
                0x0800bbe0                HAL_LTDC_Init
 .text.HAL_LTDC_ErrorCallback
                0x0800bcd4        0x2 TouchGFX/build/STM32F746-DISCO/Drivers/STM32F7xx_HAL_Driver/Src/stm32f7xx_hal_ltdc.o
                0x0800bcd4                HAL_LTDC_ErrorCallback
 .text.HAL_LTDC_ReloadEventCallback
                0x0800bcd6        0x2 TouchGFX/build/STM32F746-DISCO/Drivers/STM32F7xx_HAL_Driver/Src/stm32f7xx_hal_ltdc.o
                0x0800bcd6                HAL_LTDC_ReloadEventCallback
 .text.HAL_LTDC_IRQHandler
                0x0800bcd8       0xc2 TouchGFX/build/STM32F746-DISCO/Drivers/STM32F7xx_HAL_Driver/Src/stm32f7xx_hal_ltdc.o
                0x0800bcd8                HAL_LTDC_IRQHandler
 .text.HAL_LTDC_ConfigLayer
                0x0800bd9a       0x52 TouchGFX/build/STM32F746-DISCO/Drivers/STM32F7xx_HAL_Driver/Src/stm32f7xx_hal_ltdc.o
                0x0800bd9a                HAL_LTDC_ConfigLayer
 .text.HAL_LTDC_ProgramLineEvent
                0x0800bdec       0x40 TouchGFX/build/STM32F746-DISCO/Drivers/STM32F7xx_HAL_Driver/Src/stm32f7xx_hal_ltdc.o
                0x0800bdec                HAL_LTDC_ProgramLineEvent
 .text.HAL_PWREx_EnableOverDrive
                0x0800be2c       0x70 TouchGFX/build/STM32F746-DISCO/Drivers/STM32F7xx_HAL_Driver/Src/stm32f7xx_hal_pwr_ex.o
                0x0800be2c                HAL_PWREx_EnableOverDrive
 .text.HAL_SDRAM_Init
                0x0800be9c       0x40 TouchGFX/build/STM32F746-DISCO/Drivers/STM32F7xx_HAL_Driver/Src/stm32f7xx_hal_sdram.o
                0x0800be9c                HAL_SDRAM_Init
 .text.HAL_SDRAM_SendCommand
                0x0800bedc       0x2e TouchGFX/build/STM32F746-DISCO/Drivers/STM32F7xx_HAL_Driver/Src/stm32f7xx_hal_sdram.o
                0x0800bedc                HAL_SDRAM_SendCommand
 .text.HAL_SDRAM_ProgramRefreshRate
                0x0800bf0a       0x24 TouchGFX/build/STM32F746-DISCO/Drivers/STM32F7xx_HAL_Driver/Src/stm32f7xx_hal_sdram.o
                0x0800bf0a                HAL_SDRAM_ProgramRefreshRate
 *fill*         0x0800bf2e        0x2 
 .text.HAL_RCC_OscConfig
                0x0800bf30      0x318 TouchGFX/build/STM32F746-DISCO/Drivers/STM32F7xx_HAL_Driver/Src/stm32f7xx_hal_rcc.o
                0x0800bf30                HAL_RCC_OscConfig
 .text.HAL_RCC_GetSysClockFreq
                0x0800c248       0x5c TouchGFX/build/STM32F746-DISCO/Drivers/STM32F7xx_HAL_Driver/Src/stm32f7xx_hal_rcc.o
                0x0800c248                HAL_RCC_GetSysClockFreq
 .text.HAL_RCC_ClockConfig
                0x0800c2a4      0x140 TouchGFX/build/STM32F746-DISCO/Drivers/STM32F7xx_HAL_Driver/Src/stm32f7xx_hal_rcc.o
                0x0800c2a4                HAL_RCC_ClockConfig
 .text.HAL_RCC_GetPCLK1Freq
                0x0800c3e4       0x20 TouchGFX/build/STM32F746-DISCO/Drivers/STM32F7xx_HAL_Driver/Src/stm32f7xx_hal_rcc.o
                0x0800c3e4                HAL_RCC_GetPCLK1Freq
 .text.HAL_RCC_GetClockConfig
                0x0800c404       0x3c TouchGFX/build/STM32F746-DISCO/Drivers/STM32F7xx_HAL_Driver/Src/stm32f7xx_hal_rcc.o
                0x0800c404                HAL_RCC_GetClockConfig
 .text.I2C_Flush_TXDR
                0x0800c440       0x1e TouchGFX/build/STM32F746-DISCO/Drivers/STM32F7xx_HAL_Driver/Src/stm32f7xx_hal_i2c.o
 *fill*         0x0800c45e        0x2 
 .text.I2C_TransferConfig
                0x0800c460       0x28 TouchGFX/build/STM32F746-DISCO/Drivers/STM32F7xx_HAL_Driver/Src/stm32f7xx_hal_i2c.o
 .text.I2C_IsAcknowledgeFailed
                0x0800c488       0x7c TouchGFX/build/STM32F746-DISCO/Drivers/STM32F7xx_HAL_Driver/Src/stm32f7xx_hal_i2c.o
 .text.I2C_WaitOnSTOPFlagUntilTimeout
                0x0800c504       0x4a TouchGFX/build/STM32F746-DISCO/Drivers/STM32F7xx_HAL_Driver/Src/stm32f7xx_hal_i2c.o
 .text.I2C_WaitOnFlagUntilTimeout
                0x0800c54e       0x54 TouchGFX/build/STM32F746-DISCO/Drivers/STM32F7xx_HAL_Driver/Src/stm32f7xx_hal_i2c.o
 .text.I2C_WaitOnTXISFlagUntilTimeout
                0x0800c5a2       0x4e TouchGFX/build/STM32F746-DISCO/Drivers/STM32F7xx_HAL_Driver/Src/stm32f7xx_hal_i2c.o
 .text.I2C_RequestMemoryWrite
                0x0800c5f0       0x64 TouchGFX/build/STM32F746-DISCO/Drivers/STM32F7xx_HAL_Driver/Src/stm32f7xx_hal_i2c.o
 .text.I2C_RequestMemoryRead
                0x0800c654       0x64 TouchGFX/build/STM32F746-DISCO/Drivers/STM32F7xx_HAL_Driver/Src/stm32f7xx_hal_i2c.o
 .text.HAL_I2C_Init
                0x0800c6b8       0xb2 TouchGFX/build/STM32F746-DISCO/Drivers/STM32F7xx_HAL_Driver/Src/stm32f7xx_hal_i2c.o
                0x0800c6b8                HAL_I2C_Init
 .text.HAL_I2C_DeInit
                0x0800c76a       0x32 TouchGFX/build/STM32F746-DISCO/Drivers/STM32F7xx_HAL_Driver/Src/stm32f7xx_hal_i2c.o
                0x0800c76a                HAL_I2C_DeInit
 .text.HAL_I2C_Mem_Write
                0x0800c79c      0x16c TouchGFX/build/STM32F746-DISCO/Drivers/STM32F7xx_HAL_Driver/Src/stm32f7xx_hal_i2c.o
                0x0800c79c                HAL_I2C_Mem_Write
 .text.HAL_I2C_Mem_Read
                0x0800c908      0x178 TouchGFX/build/STM32F746-DISCO/Drivers/STM32F7xx_HAL_Driver/Src/stm32f7xx_hal_i2c.o
                0x0800c908                HAL_I2C_Mem_Read
 .text.QSPI_Config
                0x0800ca80      0x186 TouchGFX/build/STM32F746-DISCO/Drivers/STM32F7xx_HAL_Driver/Src/stm32f7xx_hal_qspi.o
 .text.QSPI_WaitFlagStateUntilTimeout
                0x0800cc06       0x4a TouchGFX/build/STM32F746-DISCO/Drivers/STM32F7xx_HAL_Driver/Src/stm32f7xx_hal_qspi.o
 .text.HAL_QSPI_Init
                0x0800cc50       0xbc TouchGFX/build/STM32F746-DISCO/Drivers/STM32F7xx_HAL_Driver/Src/stm32f7xx_hal_qspi.o
                0x0800cc50                HAL_QSPI_Init
 .text.HAL_QSPI_DeInit
                0x0800cd0c       0x38 TouchGFX/build/STM32F746-DISCO/Drivers/STM32F7xx_HAL_Driver/Src/stm32f7xx_hal_qspi.o
                0x0800cd0c                HAL_QSPI_DeInit
 .text.HAL_QSPI_Command
                0x0800cd44       0x86 TouchGFX/build/STM32F746-DISCO/Drivers/STM32F7xx_HAL_Driver/Src/stm32f7xx_hal_qspi.o
                0x0800cd44                HAL_QSPI_Command
 .text.HAL_QSPI_AutoPolling
                0x0800cdca       0xaa TouchGFX/build/STM32F746-DISCO/Drivers/STM32F7xx_HAL_Driver/Src/stm32f7xx_hal_qspi.o
                0x0800cdca                HAL_QSPI_AutoPolling
 .text.HAL_QSPI_MemoryMapped
                0x0800ce74       0x88 TouchGFX/build/STM32F746-DISCO/Drivers/STM32F7xx_HAL_Driver/Src/stm32f7xx_hal_qspi.o
                0x0800ce74                HAL_QSPI_MemoryMapped
 .text.HAL_QSPI_Abort
                0x0800cefc       0x78 TouchGFX/build/STM32F746-DISCO/Drivers/STM32F7xx_HAL_Driver/Src/stm32f7xx_hal_qspi.o
                0x0800cefc                HAL_QSPI_Abort
 .text.HAL_QSPI_Transmit
                0x0800cf74       0xbc TouchGFX/build/STM32F746-DISCO/Drivers/STM32F7xx_HAL_Driver/Src/stm32f7xx_hal_qspi.o
                0x0800cf74                HAL_QSPI_Transmit
 .text.HAL_QSPI_Receive
                0x0800d030       0xc6 TouchGFX/build/STM32F746-DISCO/Drivers/STM32F7xx_HAL_Driver/Src/stm32f7xx_hal_qspi.o
                0x0800d030                HAL_QSPI_Receive
 .text.HAL_DMA_Abort
                0x0800d0f6       0x8c TouchGFX/build/STM32F746-DISCO/Drivers/STM32F7xx_HAL_Driver/Src/stm32f7xx_hal_dma.o
                0x0800d0f6                HAL_DMA_Abort
 .text.HAL_TIMEx_CommutCallback
                0x0800d182        0x2 TouchGFX/build/STM32F746-DISCO/Drivers/STM32F7xx_HAL_Driver/Src/stm32f7xx_hal_tim_ex.o
                0x0800d182                HAL_TIMEx_CommutCallback
 .text.HAL_TIMEx_BreakCallback
                0x0800d184        0x2 TouchGFX/build/STM32F746-DISCO/Drivers/STM32F7xx_HAL_Driver/Src/stm32f7xx_hal_tim_ex.o
                0x0800d184                HAL_TIMEx_BreakCallback
 .text.HAL_TIMEx_Break2Callback
                0x0800d186        0x2 TouchGFX/build/STM32F746-DISCO/Drivers/STM32F7xx_HAL_Driver/Src/stm32f7xx_hal_tim_ex.o
                0x0800d186                HAL_TIMEx_Break2Callback
 .text.HAL_NVIC_SetPriorityGrouping
                0x0800d188       0x24 TouchGFX/build/STM32F746-DISCO/Drivers/STM32F7xx_HAL_Driver/Src/stm32f7xx_hal_cortex.o
                0x0800d188                HAL_NVIC_SetPriorityGrouping
 .text.HAL_NVIC_SetPriority
                0x0800d1ac       0x64 TouchGFX/build/STM32F746-DISCO/Drivers/STM32F7xx_HAL_Driver/Src/stm32f7xx_hal_cortex.o
                0x0800d1ac                HAL_NVIC_SetPriority
 .text.HAL_NVIC_EnableIRQ
                0x0800d210       0x1c TouchGFX/build/STM32F746-DISCO/Drivers/STM32F7xx_HAL_Driver/Src/stm32f7xx_hal_cortex.o
                0x0800d210                HAL_NVIC_EnableIRQ
 .text.HAL_NVIC_DisableIRQ
                0x0800d22c       0x28 TouchGFX/build/STM32F746-DISCO/Drivers/STM32F7xx_HAL_Driver/Src/stm32f7xx_hal_cortex.o
                0x0800d22c                HAL_NVIC_DisableIRQ
 .text.HAL_MPU_Disable
                0x0800d254       0x20 TouchGFX/build/STM32F746-DISCO/Drivers/STM32F7xx_HAL_Driver/Src/stm32f7xx_hal_cortex.o
                0x0800d254                HAL_MPU_Disable
 .text.HAL_MPU_Enable
                0x0800d274       0x24 TouchGFX/build/STM32F746-DISCO/Drivers/STM32F7xx_HAL_Driver/Src/stm32f7xx_hal_cortex.o
                0x0800d274                HAL_MPU_Enable
 .text.HAL_MPU_ConfigRegion
                0x0800d298       0x4c TouchGFX/build/STM32F746-DISCO/Drivers/STM32F7xx_HAL_Driver/Src/stm32f7xx_hal_cortex.o
                0x0800d298                HAL_MPU_ConfigRegion
 .text.FMC_SDRAM_Init
                0x0800d2e4       0x6c TouchGFX/build/STM32F746-DISCO/Drivers/STM32F7xx_HAL_Driver/Src/stm32f7xx_ll_fmc.o
                0x0800d2e4                FMC_SDRAM_Init
 .text.FMC_SDRAM_Timing_Init
                0x0800d350       0x88 TouchGFX/build/STM32F746-DISCO/Drivers/STM32F7xx_HAL_Driver/Src/stm32f7xx_ll_fmc.o
                0x0800d350                FMC_SDRAM_Timing_Init
 .text.FMC_SDRAM_SendCommand
                0x0800d3d8       0x26 TouchGFX/build/STM32F746-DISCO/Drivers/STM32F7xx_HAL_Driver/Src/stm32f7xx_ll_fmc.o
                0x0800d3d8                FMC_SDRAM_SendCommand
 .text.FMC_SDRAM_ProgramRefreshRate
                0x0800d3fe        0xc TouchGFX/build/STM32F746-DISCO/Drivers/STM32F7xx_HAL_Driver/Src/stm32f7xx_ll_fmc.o
                0x0800d3fe                FMC_SDRAM_ProgramRefreshRate
 *fill*         0x0800d40a        0x2 
 .text.HAL_GPIO_Init
                0x0800d40c      0x1d8 TouchGFX/build/STM32F746-DISCO/Drivers/STM32F7xx_HAL_Driver/Src/stm32f7xx_hal_gpio.o
                0x0800d40c                HAL_GPIO_Init
 .text.HAL_GPIO_DeInit
                0x0800d5e4      0x134 TouchGFX/build/STM32F746-DISCO/Drivers/STM32F7xx_HAL_Driver/Src/stm32f7xx_hal_gpio.o
                0x0800d5e4                HAL_GPIO_DeInit
 .text.HAL_GPIO_WritePin
                0x0800d718        0xa TouchGFX/build/STM32F746-DISCO/Drivers/STM32F7xx_HAL_Driver/Src/stm32f7xx_hal_gpio.o
                0x0800d718                HAL_GPIO_WritePin
 .text.DMA2D_SetConfig
                0x0800d722       0x88 TouchGFX/build/STM32F746-DISCO/Drivers/STM32F7xx_HAL_Driver/Src/stm32f7xx_hal_dma2d.o
 .text.HAL_DMA2D_Init
                0x0800d7aa       0x5c TouchGFX/build/STM32F746-DISCO/Drivers/STM32F7xx_HAL_Driver/Src/stm32f7xx_hal_dma2d.o
                0x0800d7aa                HAL_DMA2D_Init
 .text.HAL_DMA2D_Start_IT
                0x0800d806       0x3e TouchGFX/build/STM32F746-DISCO/Drivers/STM32F7xx_HAL_Driver/Src/stm32f7xx_hal_dma2d.o
                0x0800d806                HAL_DMA2D_Start_IT
 .text.HAL_DMA2D_BlendingStart_IT
                0x0800d844       0x48 TouchGFX/build/STM32F746-DISCO/Drivers/STM32F7xx_HAL_Driver/Src/stm32f7xx_hal_dma2d.o
                0x0800d844                HAL_DMA2D_BlendingStart_IT
 .text.HAL_DMA2D_Abort
                0x0800d88c       0x58 TouchGFX/build/STM32F746-DISCO/Drivers/STM32F7xx_HAL_Driver/Src/stm32f7xx_hal_dma2d.o
                0x0800d88c                HAL_DMA2D_Abort
 .text.HAL_DMA2D_CLUTLoading_Abort
                0x0800d8e4       0x60 TouchGFX/build/STM32F746-DISCO/Drivers/STM32F7xx_HAL_Driver/Src/stm32f7xx_hal_dma2d.o
                0x0800d8e4                HAL_DMA2D_CLUTLoading_Abort
 .text.HAL_DMA2D_DeInit
                0x0800d944       0x74 TouchGFX/build/STM32F746-DISCO/Drivers/STM32F7xx_HAL_Driver/Src/stm32f7xx_hal_dma2d.o
                0x0800d944                HAL_DMA2D_DeInit
 .text.HAL_DMA2D_LineEventCallback
                0x0800d9b8        0x2 TouchGFX/build/STM32F746-DISCO/Drivers/STM32F7xx_HAL_Driver/Src/stm32f7xx_hal_dma2d.o
                0x0800d9b8                HAL_DMA2D_LineEventCallback
 .text.HAL_DMA2D_CLUTLoadingCpltCallback
                0x0800d9ba        0x2 TouchGFX/build/STM32F746-DISCO/Drivers/STM32F7xx_HAL_Driver/Src/stm32f7xx_hal_dma2d.o
                0x0800d9ba                HAL_DMA2D_CLUTLoadingCpltCallback
 .text.HAL_DMA2D_IRQHandler
                0x0800d9bc      0x120 TouchGFX/build/STM32F746-DISCO/Drivers/STM32F7xx_HAL_Driver/Src/stm32f7xx_hal_dma2d.o
                0x0800d9bc                HAL_DMA2D_IRQHandler
 .text.HAL_DMA2D_ConfigLayer
                0x0800dadc       0x94 TouchGFX/build/STM32F746-DISCO/Drivers/STM32F7xx_HAL_Driver/Src/stm32f7xx_hal_dma2d.o
                0x0800dadc                HAL_DMA2D_ConfigLayer
 .text.HAL_TIM_Base_MspInit
                0x0800db70        0x2 TouchGFX/build/STM32F746-DISCO/Drivers/STM32F7xx_HAL_Driver/Src/stm32f7xx_hal_tim.o
                0x0800db70                HAL_TIM_Base_MspInit
 *fill*         0x0800db72        0x2 
 .text.HAL_TIM_Base_Start_IT
                0x0800db74       0x2c TouchGFX/build/STM32F746-DISCO/Drivers/STM32F7xx_HAL_Driver/Src/stm32f7xx_hal_tim.o
                0x0800db74                HAL_TIM_Base_Start_IT
 .text.HAL_TIM_OC_DelayElapsedCallback
                0x0800dba0        0x2 TouchGFX/build/STM32F746-DISCO/Drivers/STM32F7xx_HAL_Driver/Src/stm32f7xx_hal_tim.o
                0x0800dba0                HAL_TIM_OC_DelayElapsedCallback
 .text.HAL_TIM_IC_CaptureCallback
                0x0800dba2        0x2 TouchGFX/build/STM32F746-DISCO/Drivers/STM32F7xx_HAL_Driver/Src/stm32f7xx_hal_tim.o
                0x0800dba2                HAL_TIM_IC_CaptureCallback
 .text.HAL_TIM_PWM_PulseFinishedCallback
                0x0800dba4        0x2 TouchGFX/build/STM32F746-DISCO/Drivers/STM32F7xx_HAL_Driver/Src/stm32f7xx_hal_tim.o
                0x0800dba4                HAL_TIM_PWM_PulseFinishedCallback
 .text.HAL_TIM_TriggerCallback
                0x0800dba6        0x2 TouchGFX/build/STM32F746-DISCO/Drivers/STM32F7xx_HAL_Driver/Src/stm32f7xx_hal_tim.o
                0x0800dba6                HAL_TIM_TriggerCallback
 .text.HAL_TIM_IRQHandler
                0x0800dba8      0x168 TouchGFX/build/STM32F746-DISCO/Drivers/STM32F7xx_HAL_Driver/Src/stm32f7xx_hal_tim.o
                0x0800dba8                HAL_TIM_IRQHandler
 .text.TIM_Base_SetConfig
                0x0800dd10       0xcc TouchGFX/build/STM32F746-DISCO/Drivers/STM32F7xx_HAL_Driver/Src/stm32f7xx_hal_tim.o
                0x0800dd10                TIM_Base_SetConfig
 .text.HAL_TIM_Base_Init
                0x0800dddc       0x34 TouchGFX/build/STM32F746-DISCO/Drivers/STM32F7xx_HAL_Driver/Src/stm32f7xx_hal_tim.o
                0x0800dddc                HAL_TIM_Base_Init
 .text.HAL_I2CEx_ConfigAnalogFilter